<?xml version="1.0" encoding="ISO-8859-1" ?>
<link_info>
   <banner>TI ARM Linker PC v20.2.7.LTS</banner>
   <copyright>Copyright (c) 1996-2018 Texas Instruments Incorporated</copyright>
   <link_time>0x69161db5</link_time>
   <link_errors>0x0</link_errors>
   <output_file>lab_7.out</output_file>
   <entry_point>
      <name>_c_int00_noargs</name>
      <address>0x8691</address>
   </entry_point>
   <input_file_list>
      <input_file id="fl-2">
         <path>.\</path>
         <kind>object</kind>
         <file>Timer.obj</file>
         <name>Timer.obj</name>
      </input_file>
      <input_file id="fl-3">
         <path>.\</path>
         <kind>object</kind>
         <file>adc.obj</file>
         <name>adc.obj</name>
      </input_file>
      <input_file id="fl-4">
         <path>.\</path>
         <kind>object</kind>
         <file>button.obj</file>
         <name>button.obj</name>
      </input_file>
      <input_file id="fl-5">
         <path>.\</path>
         <kind>object</kind>
         <file>lcd.obj</file>
         <name>lcd.obj</name>
      </input_file>
      <input_file id="fl-6">
         <path>.\</path>
         <kind>object</kind>
         <file>main.obj</file>
         <name>main.obj</name>
      </input_file>
      <input_file id="fl-7">
         <path>.\</path>
         <kind>object</kind>
         <file>movement.obj</file>
         <name>movement.obj</name>
      </input_file>
      <input_file id="fl-8">
         <path>.\</path>
         <kind>object</kind>
         <file>open_interface.obj</file>
         <name>open_interface.obj</name>
      </input_file>
      <input_file id="fl-9">
         <path>.\</path>
         <kind>object</kind>
         <file>ping.obj</file>
         <name>ping.obj</name>
      </input_file>
      <input_file id="fl-a">
         <path>.\</path>
         <kind>object</kind>
         <file>servo.obj</file>
         <name>servo.obj</name>
      </input_file>
      <input_file id="fl-b">
         <path>.\</path>
         <kind>object</kind>
         <file>tm4c123gh6pm_startup_ccs.obj</file>
         <name>tm4c123gh6pm_startup_ccs.obj</name>
      </input_file>
      <input_file id="fl-c">
         <path>.\</path>
         <kind>object</kind>
         <file>uart.obj</file>
         <name>uart.obj</name>
      </input_file>
      <input_file id="fl-12">
         <kind>object</kind>
         <file>&lt;internal&gt;</file>
         <name>&lt;internal&gt;</name>
      </input_file>
      <input_file id="fl-c8">
         <path>C:\ti\ccs1271\ccs\tools\compiler\ti-cgt-arm_20.2.7.LTS\lib\</path>
         <kind>archive</kind>
         <file>rtsv7M4_T_le_v4SPD16_eabi.lib</file>
         <name>e_pow.c.obj</name>
      </input_file>
      <input_file id="fl-c9">
         <path>C:\ti\ccs1271\ccs\tools\compiler\ti-cgt-arm_20.2.7.LTS\lib\</path>
         <kind>archive</kind>
         <file>rtsv7M4_T_le_v4SPD16_eabi.lib</file>
         <name>e_sqrt.c.obj</name>
      </input_file>
      <input_file id="fl-ca">
         <path>C:\ti\ccs1271\ccs\tools\compiler\ti-cgt-arm_20.2.7.LTS\lib\</path>
         <kind>archive</kind>
         <file>rtsv7M4_T_le_v4SPD16_eabi.lib</file>
         <name>s_atan.c.obj</name>
      </input_file>
      <input_file id="fl-cb">
         <path>C:\ti\ccs1271\ccs\tools\compiler\ti-cgt-arm_20.2.7.LTS\lib\</path>
         <kind>archive</kind>
         <file>rtsv7M4_T_le_v4SPD16_eabi.lib</file>
         <name>s_cos.c.obj</name>
      </input_file>
      <input_file id="fl-cc">
         <path>C:\ti\ccs1271\ccs\tools\compiler\ti-cgt-arm_20.2.7.LTS\lib\</path>
         <kind>archive</kind>
         <file>rtsv7M4_T_le_v4SPD16_eabi.lib</file>
         <name>s_scalbn.c.obj</name>
      </input_file>
      <input_file id="fl-cd">
         <path>C:\ti\ccs1271\ccs\tools\compiler\ti-cgt-arm_20.2.7.LTS\lib\</path>
         <kind>archive</kind>
         <file>rtsv7M4_T_le_v4SPD16_eabi.lib</file>
         <name>s_sin.c.obj</name>
      </input_file>
      <input_file id="fl-ce">
         <path>C:\ti\ccs1271\ccs\tools\compiler\ti-cgt-arm_20.2.7.LTS\lib\</path>
         <kind>archive</kind>
         <file>rtsv7M4_T_le_v4SPD16_eabi.lib</file>
         <name>s_tan.c.obj</name>
      </input_file>
      <input_file id="fl-cf">
         <path>C:\ti\ccs1271\ccs\tools\compiler\ti-cgt-arm_20.2.7.LTS\lib\</path>
         <kind>archive</kind>
         <file>rtsv7M4_T_le_v4SPD16_eabi.lib</file>
         <name>printf.c.obj</name>
      </input_file>
      <input_file id="fl-d0">
         <path>C:\ti\ccs1271\ccs\tools\compiler\ti-cgt-arm_20.2.7.LTS\lib\</path>
         <kind>archive</kind>
         <file>rtsv7M4_T_le_v4SPD16_eabi.lib</file>
         <name>_printfi.c.obj</name>
      </input_file>
      <input_file id="fl-d1">
         <path>C:\ti\ccs1271\ccs\tools\compiler\ti-cgt-arm_20.2.7.LTS\lib\</path>
         <kind>archive</kind>
         <file>rtsv7M4_T_le_v4SPD16_eabi.lib</file>
         <name>sprintf.c.obj</name>
      </input_file>
      <input_file id="fl-d2">
         <path>C:\ti\ccs1271\ccs\tools\compiler\ti-cgt-arm_20.2.7.LTS\lib\</path>
         <kind>archive</kind>
         <file>rtsv7M4_T_le_v4SPD16_eabi.lib</file>
         <name>vsnprintf.c.obj</name>
      </input_file>
      <input_file id="fl-d3">
         <path>C:\ti\ccs1271\ccs\tools\compiler\ti-cgt-arm_20.2.7.LTS\lib\</path>
         <kind>archive</kind>
         <file>rtsv7M4_T_le_v4SPD16_eabi.lib</file>
         <name>fputc.c.obj</name>
      </input_file>
      <input_file id="fl-d4">
         <path>C:\ti\ccs1271\ccs\tools\compiler\ti-cgt-arm_20.2.7.LTS\lib\</path>
         <kind>archive</kind>
         <file>rtsv7M4_T_le_v4SPD16_eabi.lib</file>
         <name>fputs.c.obj</name>
      </input_file>
      <input_file id="fl-d5">
         <path>C:\ti\ccs1271\ccs\tools\compiler\ti-cgt-arm_20.2.7.LTS\lib\</path>
         <kind>archive</kind>
         <file>rtsv7M4_T_le_v4SPD16_eabi.lib</file>
         <name>_io_perm.c.obj</name>
      </input_file>
      <input_file id="fl-d6">
         <path>C:\ti\ccs1271\ccs\tools\compiler\ti-cgt-arm_20.2.7.LTS\lib\</path>
         <kind>archive</kind>
         <file>rtsv7M4_T_le_v4SPD16_eabi.lib</file>
         <name>setvbuf.c.obj</name>
      </input_file>
      <input_file id="fl-d7">
         <path>C:\ti\ccs1271\ccs\tools\compiler\ti-cgt-arm_20.2.7.LTS\lib\</path>
         <kind>archive</kind>
         <file>rtsv7M4_T_le_v4SPD16_eabi.lib</file>
         <name>fd_add_t2.asm.obj</name>
      </input_file>
      <input_file id="fl-d8">
         <path>C:\ti\ccs1271\ccs\tools\compiler\ti-cgt-arm_20.2.7.LTS\lib\</path>
         <kind>archive</kind>
         <file>rtsv7M4_T_le_v4SPD16_eabi.lib</file>
         <name>fd_cmp_t2.asm.obj</name>
      </input_file>
      <input_file id="fl-d9">
         <path>C:\ti\ccs1271\ccs\tools\compiler\ti-cgt-arm_20.2.7.LTS\lib\</path>
         <kind>archive</kind>
         <file>rtsv7M4_T_le_v4SPD16_eabi.lib</file>
         <name>fd_div_t2.asm.obj</name>
      </input_file>
      <input_file id="fl-da">
         <path>C:\ti\ccs1271\ccs\tools\compiler\ti-cgt-arm_20.2.7.LTS\lib\</path>
         <kind>archive</kind>
         <file>rtsv7M4_T_le_v4SPD16_eabi.lib</file>
         <name>fd_mul_t2.asm.obj</name>
      </input_file>
      <input_file id="fl-db">
         <path>C:\ti\ccs1271\ccs\tools\compiler\ti-cgt-arm_20.2.7.LTS\lib\</path>
         <kind>archive</kind>
         <file>rtsv7M4_T_le_v4SPD16_eabi.lib</file>
         <name>fd_toi_t2.asm.obj</name>
      </input_file>
      <input_file id="fl-dc">
         <path>C:\ti\ccs1271\ccs\tools\compiler\ti-cgt-arm_20.2.7.LTS\lib\</path>
         <kind>archive</kind>
         <file>rtsv7M4_T_le_v4SPD16_eabi.lib</file>
         <name>fd_tos_t2.asm.obj</name>
      </input_file>
      <input_file id="fl-dd">
         <path>C:\ti\ccs1271\ccs\tools\compiler\ti-cgt-arm_20.2.7.LTS\lib\</path>
         <kind>archive</kind>
         <file>rtsv7M4_T_le_v4SPD16_eabi.lib</file>
         <name>fd_tou_t2.asm.obj</name>
      </input_file>
      <input_file id="fl-de">
         <path>C:\ti\ccs1271\ccs\tools\compiler\ti-cgt-arm_20.2.7.LTS\lib\</path>
         <kind>archive</kind>
         <file>rtsv7M4_T_le_v4SPD16_eabi.lib</file>
         <name>fs_tod_t2.asm.obj</name>
      </input_file>
      <input_file id="fl-df">
         <path>C:\ti\ccs1271\ccs\tools\compiler\ti-cgt-arm_20.2.7.LTS\lib\</path>
         <kind>archive</kind>
         <file>rtsv7M4_T_le_v4SPD16_eabi.lib</file>
         <name>i_tofd_t2.asm.obj</name>
      </input_file>
      <input_file id="fl-e0">
         <path>C:\ti\ccs1271\ccs\tools\compiler\ti-cgt-arm_20.2.7.LTS\lib\</path>
         <kind>archive</kind>
         <file>rtsv7M4_T_le_v4SPD16_eabi.lib</file>
         <name>memcpy_t2.asm.obj</name>
      </input_file>
      <input_file id="fl-e1">
         <path>C:\ti\ccs1271\ccs\tools\compiler\ti-cgt-arm_20.2.7.LTS\lib\</path>
         <kind>archive</kind>
         <file>rtsv7M4_T_le_v4SPD16_eabi.lib</file>
         <name>u_tofd_t2.asm.obj</name>
      </input_file>
      <input_file id="fl-e2">
         <path>C:\ti\ccs1271\ccs\tools\compiler\ti-cgt-arm_20.2.7.LTS\lib\</path>
         <kind>archive</kind>
         <file>rtsv7M4_T_le_v4SPD16_eabi.lib</file>
         <name>memset_t2.asm.obj</name>
      </input_file>
      <input_file id="fl-e3">
         <path>C:\ti\ccs1271\ccs\tools\compiler\ti-cgt-arm_20.2.7.LTS\lib\</path>
         <kind>archive</kind>
         <file>rtsv7M4_T_le_v4SPD16_eabi.lib</file>
         <name>ull_div_t2.asm.obj</name>
      </input_file>
      <input_file id="fl-e4">
         <path>C:\ti\ccs1271\ccs\tools\compiler\ti-cgt-arm_20.2.7.LTS\lib\</path>
         <kind>archive</kind>
         <file>rtsv7M4_T_le_v4SPD16_eabi.lib</file>
         <name>copy_zero_init.c.obj</name>
      </input_file>
      <input_file id="fl-e5">
         <path>C:\ti\ccs1271\ccs\tools\compiler\ti-cgt-arm_20.2.7.LTS\lib\</path>
         <kind>archive</kind>
         <file>rtsv7M4_T_le_v4SPD16_eabi.lib</file>
         <name>copy_decompress_none.c.obj</name>
      </input_file>
      <input_file id="fl-e6">
         <path>C:\ti\ccs1271\ccs\tools\compiler\ti-cgt-arm_20.2.7.LTS\lib\</path>
         <kind>archive</kind>
         <file>rtsv7M4_T_le_v4SPD16_eabi.lib</file>
         <name>copy_decompress_lzss.c.obj</name>
      </input_file>
      <input_file id="fl-e7">
         <path>C:\ti\ccs1271\ccs\tools\compiler\ti-cgt-arm_20.2.7.LTS\lib\</path>
         <kind>archive</kind>
         <file>rtsv7M4_T_le_v4SPD16_eabi.lib</file>
         <name>exit.c.obj</name>
      </input_file>
      <input_file id="fl-e8">
         <path>C:\ti\ccs1271\ccs\tools\compiler\ti-cgt-arm_20.2.7.LTS\lib\</path>
         <kind>archive</kind>
         <file>rtsv7M4_T_le_v4SPD16_eabi.lib</file>
         <name>_lock.c.obj</name>
      </input_file>
      <input_file id="fl-e9">
         <path>C:\ti\ccs1271\ccs\tools\compiler\ti-cgt-arm_20.2.7.LTS\lib\</path>
         <kind>archive</kind>
         <file>rtsv7M4_T_le_v4SPD16_eabi.lib</file>
         <name>_ltoa.c.obj</name>
      </input_file>
      <input_file id="fl-ea">
         <path>C:\ti\ccs1271\ccs\tools\compiler\ti-cgt-arm_20.2.7.LTS\lib\</path>
         <kind>archive</kind>
         <file>rtsv7M4_T_le_v4SPD16_eabi.lib</file>
         <name>atoi.c.obj</name>
      </input_file>
      <input_file id="fl-eb">
         <path>C:\ti\ccs1271\ccs\tools\compiler\ti-cgt-arm_20.2.7.LTS\lib\</path>
         <kind>archive</kind>
         <file>rtsv7M4_T_le_v4SPD16_eabi.lib</file>
         <name>ctype.c.obj</name>
      </input_file>
      <input_file id="fl-ec">
         <path>C:\ti\ccs1271\ccs\tools\compiler\ti-cgt-arm_20.2.7.LTS\lib\</path>
         <kind>archive</kind>
         <file>rtsv7M4_T_le_v4SPD16_eabi.lib</file>
         <name>defs.c.obj</name>
      </input_file>
      <input_file id="fl-ed">
         <path>C:\ti\ccs1271\ccs\tools\compiler\ti-cgt-arm_20.2.7.LTS\lib\</path>
         <kind>archive</kind>
         <file>rtsv7M4_T_le_v4SPD16_eabi.lib</file>
         <name>memccpy.c.obj</name>
      </input_file>
      <input_file id="fl-ee">
         <path>C:\ti\ccs1271\ccs\tools\compiler\ti-cgt-arm_20.2.7.LTS\lib\</path>
         <kind>archive</kind>
         <file>rtsv7M4_T_le_v4SPD16_eabi.lib</file>
         <name>memchr.c.obj</name>
      </input_file>
      <input_file id="fl-ef">
         <path>C:\ti\ccs1271\ccs\tools\compiler\ti-cgt-arm_20.2.7.LTS\lib\</path>
         <kind>archive</kind>
         <file>rtsv7M4_T_le_v4SPD16_eabi.lib</file>
         <name>memory.c.obj</name>
      </input_file>
      <input_file id="fl-f0">
         <path>C:\ti\ccs1271\ccs\tools\compiler\ti-cgt-arm_20.2.7.LTS\lib\</path>
         <kind>archive</kind>
         <file>rtsv7M4_T_le_v4SPD16_eabi.lib</file>
         <name>strchr.c.obj</name>
      </input_file>
      <input_file id="fl-f1">
         <path>C:\ti\ccs1271\ccs\tools\compiler\ti-cgt-arm_20.2.7.LTS\lib\</path>
         <kind>archive</kind>
         <file>rtsv7M4_T_le_v4SPD16_eabi.lib</file>
         <name>strcmp.c.obj</name>
      </input_file>
      <input_file id="fl-f2">
         <path>C:\ti\ccs1271\ccs\tools\compiler\ti-cgt-arm_20.2.7.LTS\lib\</path>
         <kind>archive</kind>
         <file>rtsv7M4_T_le_v4SPD16_eabi.lib</file>
         <name>strcpy.c.obj</name>
      </input_file>
      <input_file id="fl-f3">
         <path>C:\ti\ccs1271\ccs\tools\compiler\ti-cgt-arm_20.2.7.LTS\lib\</path>
         <kind>archive</kind>
         <file>rtsv7M4_T_le_v4SPD16_eabi.lib</file>
         <name>strlen.c.obj</name>
      </input_file>
      <input_file id="fl-f4">
         <path>C:\ti\ccs1271\ccs\tools\compiler\ti-cgt-arm_20.2.7.LTS\lib\</path>
         <kind>archive</kind>
         <file>rtsv7M4_T_le_v4SPD16_eabi.lib</file>
         <name>k_rem_pio2.c.obj</name>
      </input_file>
      <input_file id="fl-f5">
         <path>C:\ti\ccs1271\ccs\tools\compiler\ti-cgt-arm_20.2.7.LTS\lib\</path>
         <kind>archive</kind>
         <file>rtsv7M4_T_le_v4SPD16_eabi.lib</file>
         <name>boot_cortex_m.c.obj</name>
      </input_file>
      <input_file id="fl-f6">
         <path>C:\ti\ccs1271\ccs\tools\compiler\ti-cgt-arm_20.2.7.LTS\lib\</path>
         <kind>archive</kind>
         <file>rtsv7M4_T_le_v4SPD16_eabi.lib</file>
         <name>write.c.obj</name>
      </input_file>
      <input_file id="fl-f7">
         <path>C:\ti\ccs1271\ccs\tools\compiler\ti-cgt-arm_20.2.7.LTS\lib\</path>
         <kind>archive</kind>
         <file>rtsv7M4_T_le_v4SPD16_eabi.lib</file>
         <name>host_device.c.obj</name>
      </input_file>
      <input_file id="fl-f8">
         <path>C:\ti\ccs1271\ccs\tools\compiler\ti-cgt-arm_20.2.7.LTS\lib\</path>
         <kind>archive</kind>
         <file>rtsv7M4_T_le_v4SPD16_eabi.lib</file>
         <name>errno.c.obj</name>
      </input_file>
      <input_file id="fl-f9">
         <path>C:\ti\ccs1271\ccs\tools\compiler\ti-cgt-arm_20.2.7.LTS\lib\</path>
         <kind>archive</kind>
         <file>rtsv7M4_T_le_v4SPD16_eabi.lib</file>
         <name>wcslen.c.obj</name>
      </input_file>
      <input_file id="fl-fa">
         <path>C:\ti\ccs1271\ccs\tools\compiler\ti-cgt-arm_20.2.7.LTS\lib\</path>
         <kind>archive</kind>
         <file>rtsv7M4_T_le_v4SPD16_eabi.lib</file>
         <name>s_copysign.c.obj</name>
      </input_file>
      <input_file id="fl-fb">
         <path>C:\ti\ccs1271\ccs\tools\compiler\ti-cgt-arm_20.2.7.LTS\lib\</path>
         <kind>archive</kind>
         <file>rtsv7M4_T_le_v4SPD16_eabi.lib</file>
         <name>k_cos.c.obj</name>
      </input_file>
      <input_file id="fl-fc">
         <path>C:\ti\ccs1271\ccs\tools\compiler\ti-cgt-arm_20.2.7.LTS\lib\</path>
         <kind>archive</kind>
         <file>rtsv7M4_T_le_v4SPD16_eabi.lib</file>
         <name>k_sin.c.obj</name>
      </input_file>
      <input_file id="fl-fd">
         <path>C:\ti\ccs1271\ccs\tools\compiler\ti-cgt-arm_20.2.7.LTS\lib\</path>
         <kind>archive</kind>
         <file>rtsv7M4_T_le_v4SPD16_eabi.lib</file>
         <name>k_tan.c.obj</name>
      </input_file>
      <input_file id="fl-fe">
         <path>C:\ti\ccs1271\ccs\tools\compiler\ti-cgt-arm_20.2.7.LTS\lib\</path>
         <kind>archive</kind>
         <file>rtsv7M4_T_le_v4SPD16_eabi.lib</file>
         <name>s_floor.c.obj</name>
      </input_file>
      <input_file id="fl-ff">
         <path>C:\ti\ccs1271\ccs\tools\compiler\ti-cgt-arm_20.2.7.LTS\lib\</path>
         <kind>archive</kind>
         <file>rtsv7M4_T_le_v4SPD16_eabi.lib</file>
         <name>s_frexp.c.obj</name>
      </input_file>
      <input_file id="fl-100">
         <path>C:\ti\ccs1271\ccs\tools\compiler\ti-cgt-arm_20.2.7.LTS\lib\</path>
         <kind>archive</kind>
         <file>rtsv7M4_T_le_v4SPD16_eabi.lib</file>
         <name>fflush.c.obj</name>
      </input_file>
      <input_file id="fl-101">
         <path>C:\ti\ccs1271\ccs\tools\compiler\ti-cgt-arm_20.2.7.LTS\lib\</path>
         <kind>archive</kind>
         <file>rtsv7M4_T_le_v4SPD16_eabi.lib</file>
         <name>fopen.c.obj</name>
      </input_file>
      <input_file id="fl-102">
         <path>C:\ti\ccs1271\ccs\tools\compiler\ti-cgt-arm_20.2.7.LTS\lib\</path>
         <kind>archive</kind>
         <file>rtsv7M4_T_le_v4SPD16_eabi.lib</file>
         <name>fseek.c.obj</name>
      </input_file>
      <input_file id="fl-103">
         <path>C:\ti\ccs1271\ccs\tools\compiler\ti-cgt-arm_20.2.7.LTS\lib\</path>
         <kind>archive</kind>
         <file>rtsv7M4_T_le_v4SPD16_eabi.lib</file>
         <name>div0.asm.obj</name>
      </input_file>
      <input_file id="fl-104">
         <path>C:\ti\ccs1271\ccs\tools\compiler\ti-cgt-arm_20.2.7.LTS\lib\</path>
         <kind>archive</kind>
         <file>rtsv7M4_T_le_v4SPD16_eabi.lib</file>
         <name>autoinit.c.obj</name>
      </input_file>
      <input_file id="fl-105">
         <path>C:\ti\ccs1271\ccs\tools\compiler\ti-cgt-arm_20.2.7.LTS\lib\</path>
         <kind>archive</kind>
         <file>rtsv7M4_T_le_v4SPD16_eabi.lib</file>
         <name>pre_init.c.obj</name>
      </input_file>
      <input_file id="fl-106">
         <path>C:\ti\ccs1271\ccs\tools\compiler\ti-cgt-arm_20.2.7.LTS\lib\</path>
         <kind>archive</kind>
         <file>rtsv7M4_T_le_v4SPD16_eabi.lib</file>
         <name>cpy_tbl.c.obj</name>
      </input_file>
      <input_file id="fl-107">
         <path>C:\ti\ccs1271\ccs\tools\compiler\ti-cgt-arm_20.2.7.LTS\lib\</path>
         <kind>archive</kind>
         <file>rtsv7M4_T_le_v4SPD16_eabi.lib</file>
         <name>args_main.c.obj</name>
      </input_file>
      <input_file id="fl-108">
         <path>C:\ti\ccs1271\ccs\tools\compiler\ti-cgt-arm_20.2.7.LTS\lib\</path>
         <kind>archive</kind>
         <file>rtsv7M4_T_le_v4SPD16_eabi.lib</file>
         <name>hostclose.c.obj</name>
      </input_file>
      <input_file id="fl-109">
         <path>C:\ti\ccs1271\ccs\tools\compiler\ti-cgt-arm_20.2.7.LTS\lib\</path>
         <kind>archive</kind>
         <file>rtsv7M4_T_le_v4SPD16_eabi.lib</file>
         <name>hostlseek.c.obj</name>
      </input_file>
      <input_file id="fl-10a">
         <path>C:\ti\ccs1271\ccs\tools\compiler\ti-cgt-arm_20.2.7.LTS\lib\</path>
         <kind>archive</kind>
         <file>rtsv7M4_T_le_v4SPD16_eabi.lib</file>
         <name>hostopen.c.obj</name>
      </input_file>
      <input_file id="fl-10b">
         <path>C:\ti\ccs1271\ccs\tools\compiler\ti-cgt-arm_20.2.7.LTS\lib\</path>
         <kind>archive</kind>
         <file>rtsv7M4_T_le_v4SPD16_eabi.lib</file>
         <name>hostread.c.obj</name>
      </input_file>
      <input_file id="fl-10c">
         <path>C:\ti\ccs1271\ccs\tools\compiler\ti-cgt-arm_20.2.7.LTS\lib\</path>
         <kind>archive</kind>
         <file>rtsv7M4_T_le_v4SPD16_eabi.lib</file>
         <name>hostrename.c.obj</name>
      </input_file>
      <input_file id="fl-10d">
         <path>C:\ti\ccs1271\ccs\tools\compiler\ti-cgt-arm_20.2.7.LTS\lib\</path>
         <kind>archive</kind>
         <file>rtsv7M4_T_le_v4SPD16_eabi.lib</file>
         <name>hostunlink.c.obj</name>
      </input_file>
      <input_file id="fl-10e">
         <path>C:\ti\ccs1271\ccs\tools\compiler\ti-cgt-arm_20.2.7.LTS\lib\</path>
         <kind>archive</kind>
         <file>rtsv7M4_T_le_v4SPD16_eabi.lib</file>
         <name>hostwrite.c.obj</name>
      </input_file>
      <input_file id="fl-10f">
         <path>C:\ti\ccs1271\ccs\tools\compiler\ti-cgt-arm_20.2.7.LTS\lib\</path>
         <kind>archive</kind>
         <file>rtsv7M4_T_le_v4SPD16_eabi.lib</file>
         <name>trgmsg.c.obj</name>
      </input_file>
      <input_file id="fl-110">
         <path>C:\ti\ccs1271\ccs\tools\compiler\ti-cgt-arm_20.2.7.LTS\lib\</path>
         <kind>archive</kind>
         <file>rtsv7M4_T_le_v4SPD16_eabi.lib</file>
         <name>open.c.obj</name>
      </input_file>
      <input_file id="fl-111">
         <path>C:\ti\ccs1271\ccs\tools\compiler\ti-cgt-arm_20.2.7.LTS\lib\</path>
         <kind>archive</kind>
         <file>rtsv7M4_T_le_v4SPD16_eabi.lib</file>
         <name>lseek.c.obj</name>
      </input_file>
      <input_file id="fl-112">
         <path>C:\ti\ccs1271\ccs\tools\compiler\ti-cgt-arm_20.2.7.LTS\lib\</path>
         <kind>archive</kind>
         <file>rtsv7M4_T_le_v4SPD16_eabi.lib</file>
         <name>fclose.c.obj</name>
      </input_file>
      <input_file id="fl-113">
         <path>C:\ti\ccs1271\ccs\tools\compiler\ti-cgt-arm_20.2.7.LTS\lib\</path>
         <kind>archive</kind>
         <file>rtsv7M4_T_le_v4SPD16_eabi.lib</file>
         <name>getdevice.c.obj</name>
      </input_file>
      <input_file id="fl-114">
         <path>C:\ti\ccs1271\ccs\tools\compiler\ti-cgt-arm_20.2.7.LTS\lib\</path>
         <kind>archive</kind>
         <file>rtsv7M4_T_le_v4SPD16_eabi.lib</file>
         <name>strncpy.c.obj</name>
      </input_file>
      <input_file id="fl-115">
         <path>C:\ti\ccs1271\ccs\tools\compiler\ti-cgt-arm_20.2.7.LTS\lib\</path>
         <kind>archive</kind>
         <file>rtsv7M4_T_le_v4SPD16_eabi.lib</file>
         <name>remove.c.obj</name>
      </input_file>
      <input_file id="fl-116">
         <path>C:\ti\ccs1271\ccs\tools\compiler\ti-cgt-arm_20.2.7.LTS\lib\</path>
         <kind>archive</kind>
         <file>rtsv7M4_T_le_v4SPD16_eabi.lib</file>
         <name>close.c.obj</name>
      </input_file>
      <input_file id="fl-117">
         <path>C:\ti\ccs1271\ccs\tools\compiler\ti-cgt-arm_20.2.7.LTS\lib\</path>
         <kind>archive</kind>
         <file>rtsv7M4_T_le_v4SPD16_eabi.lib</file>
         <name>unlink.c.obj</name>
      </input_file>
      <input_file id="fl-118">
         <path>C:\ti\TivaWare_C_Series-2.2.0.295\driverlib\ccs\Debug\</path>
         <kind>archive</kind>
         <file>driverlib.lib</file>
         <name>interrupt.obj</name>
      </input_file>
      <input_file id="fl-119">
         <path>C:\ti\TivaWare_C_Series-2.2.0.295\driverlib\ccs\Debug\</path>
         <kind>archive</kind>
         <file>driverlib.lib</file>
         <name>cpu.obj</name>
      </input_file>
   </input_file_list>
   <object_component_list>
      <object_component id="oc-12">
         <name>.intvecs</name>
         <load_address>0x0</load_address>
         <run_address>0x0</run_address>
         <size>0x26c</size>
         <input_file_ref idref="fl-b"/>
      </object_component>
      <object_component id="oc-a2">
         <name>.text</name>
         <load_address>0x26c</load_address>
         <run_address>0x26c</run_address>
         <size>0xef0</size>
         <input_file_ref idref="fl-6"/>
      </object_component>
      <object_component id="oc-120">
         <name>.text</name>
         <load_address>0x115c</load_address>
         <run_address>0x115c</run_address>
         <size>0xc20</size>
         <input_file_ref idref="fl-8"/>
      </object_component>
      <object_component id="oc-1f5">
         <name>.text:__TI_printfi</name>
         <load_address>0x1d7c</load_address>
         <run_address>0x1d7c</run_address>
         <size>0xa4e</size>
         <input_file_ref idref="fl-d0"/>
      </object_component>
      <object_component id="oc-33a">
         <name>.text:_nop</name>
         <load_address>0x27ca</load_address>
         <run_address>0x27ca</run_address>
         <size>0x2</size>
         <input_file_ref idref="fl-e8"/>
      </object_component>
      <object_component id="oc-fd">
         <name>.text:pow</name>
         <load_address>0x27cc</load_address>
         <run_address>0x27cc</run_address>
         <size>0x9d0</size>
         <input_file_ref idref="fl-c8"/>
      </object_component>
      <object_component id="oc-1c2">
         <name>.text:__kernel_rem_pio2</name>
         <load_address>0x319c</load_address>
         <run_address>0x319c</run_address>
         <size>0x738</size>
         <input_file_ref idref="fl-f4"/>
      </object_component>
      <object_component id="oc-e1">
         <name>.text:sin</name>
         <load_address>0x38d4</load_address>
         <run_address>0x38d4</run_address>
         <size>0x5e0</size>
         <input_file_ref idref="fl-cd"/>
      </object_component>
      <object_component id="oc-e7">
         <name>.text:cos</name>
         <load_address>0x3eb4</load_address>
         <run_address>0x3eb4</run_address>
         <size>0x5dc</size>
         <input_file_ref idref="fl-cb"/>
      </object_component>
      <object_component id="oc-138">
         <name>.text:tan</name>
         <load_address>0x4490</load_address>
         <run_address>0x4490</run_address>
         <size>0x508</size>
         <input_file_ref idref="fl-ce"/>
      </object_component>
      <object_component id="oc-161">
         <name>.text</name>
         <load_address>0x4998</load_address>
         <run_address>0x4998</run_address>
         <size>0x328</size>
         <input_file_ref idref="fl-5"/>
      </object_component>
      <object_component id="oc-155">
         <name>.text</name>
         <load_address>0x4cc0</load_address>
         <run_address>0x4cc0</run_address>
         <size>0x320</size>
         <input_file_ref idref="fl-9"/>
      </object_component>
      <object_component id="oc-262">
         <name>.text:__kernel_tan</name>
         <load_address>0x4fe0</load_address>
         <run_address>0x4fe0</run_address>
         <size>0x31c</size>
         <input_file_ref idref="fl-fd"/>
      </object_component>
      <object_component id="oc-149">
         <name>.text</name>
         <load_address>0x52fc</load_address>
         <run_address>0x52fc</run_address>
         <size>0x318</size>
         <input_file_ref idref="fl-a"/>
      </object_component>
      <object_component id="oc-10f">
         <name>.text</name>
         <load_address>0x5614</load_address>
         <run_address>0x5614</run_address>
         <size>0x314</size>
         <input_file_ref idref="fl-c"/>
      </object_component>
      <object_component id="oc-f2">
         <name>.text:atan</name>
         <load_address>0x5928</load_address>
         <run_address>0x5928</run_address>
         <size>0x2ec</size>
         <input_file_ref idref="fl-ca"/>
      </object_component>
      <object_component id="oc-31c">
         <name>.text:_pconv_a</name>
         <load_address>0x5c14</load_address>
         <run_address>0x5c14</run_address>
         <size>0x270</size>
         <input_file_ref idref="fl-d0"/>
      </object_component>
      <object_component id="oc-115">
         <name>.text</name>
         <load_address>0x5e84</load_address>
         <run_address>0x5e84</run_address>
         <size>0x270</size>
         <input_file_ref idref="fl-7"/>
      </object_component>
      <object_component id="oc-14f">
         <name>.text</name>
         <load_address>0x60f4</load_address>
         <run_address>0x60f4</run_address>
         <size>0x248</size>
         <input_file_ref idref="fl-2"/>
      </object_component>
      <object_component id="oc-30a">
         <name>.text:_pconv_g</name>
         <load_address>0x633c</load_address>
         <run_address>0x633c</run_address>
         <size>0x1d0</size>
         <input_file_ref idref="fl-d0"/>
      </object_component>
      <object_component id="oc-ed">
         <name>.text</name>
         <load_address>0x650c</load_address>
         <run_address>0x650c</run_address>
         <size>0x1b6</size>
         <input_file_ref idref="fl-d7"/>
      </object_component>
      <object_component id="oc-4a5">
         <name>.text</name>
         <load_address>0x66c2</load_address>
         <run_address>0x66c2</run_address>
         <size>0x2</size>
         <input_file_ref idref="fl-103"/>
      </object_component>
      <object_component id="oc-1bc">
         <name>.text:__kernel_sin</name>
         <load_address>0x66c4</load_address>
         <run_address>0x66c4</run_address>
         <size>0x174</size>
         <input_file_ref idref="fl-fc"/>
      </object_component>
      <object_component id="oc-1c8">
         <name>.text:__kernel_cos</name>
         <load_address>0x6838</load_address>
         <run_address>0x6838</run_address>
         <size>0x170</size>
         <input_file_ref idref="fl-fb"/>
      </object_component>
      <object_component id="oc-1dd">
         <name>.text:sqrt</name>
         <load_address>0x69a8</load_address>
         <run_address>0x69a8</run_address>
         <size>0x158</size>
         <input_file_ref idref="fl-c9"/>
      </object_component>
      <object_component id="oc-316">
         <name>.text:_pconv_e</name>
         <load_address>0x6b00</load_address>
         <run_address>0x6b00</run_address>
         <size>0x13c</size>
         <input_file_ref idref="fl-d0"/>
      </object_component>
      <object_component id="oc-dc">
         <name>.text</name>
         <load_address>0x6c3c</load_address>
         <run_address>0x6c3c</run_address>
         <size>0x136</size>
         <input_file_ref idref="fl-d9"/>
      </object_component>
      <object_component id="oc-414">
         <name>.text:fcvt</name>
         <load_address>0x6d74</load_address>
         <run_address>0x6d74</run_address>
         <size>0x124</size>
         <input_file_ref idref="fl-d0"/>
      </object_component>
      <object_component id="oc-348">
         <name>.text:fputs</name>
         <load_address>0x6e98</load_address>
         <run_address>0x6e98</run_address>
         <size>0x114</size>
         <input_file_ref idref="fl-d4"/>
      </object_component>
      <object_component id="oc-1ec">
         <name>.text:scalbn</name>
         <load_address>0x6fac</load_address>
         <run_address>0x6fac</run_address>
         <size>0x110</size>
         <input_file_ref idref="fl-cc"/>
      </object_component>
      <object_component id="oc-15b">
         <name>.text</name>
         <load_address>0x70bc</load_address>
         <run_address>0x70bc</run_address>
         <size>0x104</size>
         <input_file_ref idref="fl-3"/>
      </object_component>
      <object_component id="oc-474">
         <name>.text:aligned_alloc</name>
         <load_address>0x71c0</load_address>
         <run_address>0x71c0</run_address>
         <size>0x100</size>
         <input_file_ref idref="fl-ef"/>
      </object_component>
      <object_component id="oc-d7">
         <name>.text</name>
         <load_address>0x72c0</load_address>
         <run_address>0x72c0</run_address>
         <size>0xfc</size>
         <input_file_ref idref="fl-da"/>
      </object_component>
      <object_component id="oc-2c5">
         <name>.text:floor</name>
         <load_address>0x73bc</load_address>
         <run_address>0x73bc</run_address>
         <size>0xf8</size>
         <input_file_ref idref="fl-fe"/>
      </object_component>
      <object_component id="oc-241">
         <name>.text:free</name>
         <load_address>0x74b4</load_address>
         <run_address>0x74b4</run_address>
         <size>0xe4</size>
         <input_file_ref idref="fl-ef"/>
      </object_component>
      <object_component id="oc-4c9">
         <name>.text:setvbuf</name>
         <load_address>0x7598</load_address>
         <run_address>0x7598</run_address>
         <size>0xdc</size>
         <input_file_ref idref="fl-d6"/>
      </object_component>
      <object_component id="oc-304">
         <name>.text:_ltostr</name>
         <load_address>0x7674</load_address>
         <run_address>0x7674</run_address>
         <size>0xb1</size>
         <input_file_ref idref="fl-d0"/>
      </object_component>
      <object_component id="oc-3e">
         <name>.text</name>
         <load_address>0x7726</load_address>
         <run_address>0x7726</run_address>
         <size>0x9c</size>
         <input_file_ref idref="fl-e0"/>
      </object_component>
      <object_component id="oc-3fb">
         <name>.text</name>
         <load_address>0x77c2</load_address>
         <run_address>0x77c2</run_address>
         <size>0x96</size>
         <input_file_ref idref="fl-e3"/>
      </object_component>
      <object_component id="oc-34f">
         <name>.text:fputc</name>
         <load_address>0x7858</load_address>
         <run_address>0x7858</run_address>
         <size>0x8c</size>
         <input_file_ref idref="fl-d3"/>
      </object_component>
      <object_component id="oc-12e">
         <name>.text:__aeabi_cdcmple</name>
         <load_address>0x78e4</load_address>
         <run_address>0x78e4</run_address>
         <size>0x86</size>
         <input_file_ref idref="fl-d8"/>
      </object_component>
      <object_component id="oc-129">
         <name>.text:__aeabi_cdrcmple</name>
         <load_address>0x796a</load_address>
         <run_address>0x796a</run_address>
         <size>0x86</size>
         <input_file_ref idref="fl-d8"/>
      </object_component>
      <object_component id="oc-96">
         <name>.text</name>
         <load_address>0x79f0</load_address>
         <run_address>0x79f0</run_address>
         <size>0x7a</size>
         <input_file_ref idref="fl-e2"/>
      </object_component>
      <object_component id="oc-522">
         <name>.text:__TI_closefile</name>
         <load_address>0x7a6c</load_address>
         <run_address>0x7a6c</run_address>
         <size>0x74</size>
         <input_file_ref idref="fl-112"/>
      </object_component>
      <object_component id="oc-16a">
         <name>.text</name>
         <load_address>0x7ae0</load_address>
         <run_address>0x7ae0</run_address>
         <size>0x74</size>
         <input_file_ref idref="fl-4"/>
      </object_component>
      <object_component id="oc-4de">
         <name>.text:split</name>
         <load_address>0x7b54</load_address>
         <run_address>0x7b54</run_address>
         <size>0x70</size>
         <input_file_ref idref="fl-ef"/>
      </object_component>
      <object_component id="oc-40d">
         <name>.text:_mcpy</name>
         <load_address>0x7bc4</load_address>
         <run_address>0x7bc4</run_address>
         <size>0x6e</size>
         <input_file_ref idref="fl-d0"/>
      </object_component>
      <object_component id="oc-13e">
         <name>.text</name>
         <load_address>0x7c32</load_address>
         <run_address>0x7c32</run_address>
         <size>0x6e</size>
         <input_file_ref idref="fl-dc"/>
      </object_component>
      <object_component id="oc-552">
         <name>.text:HOSTrename</name>
         <load_address>0x7ca0</load_address>
         <run_address>0x7ca0</run_address>
         <size>0x6c</size>
         <input_file_ref idref="fl-10c"/>
      </object_component>
      <object_component id="oc-546">
         <name>.text:HOSTlseek</name>
         <load_address>0x7d0c</load_address>
         <run_address>0x7d0c</run_address>
         <size>0x68</size>
         <input_file_ref idref="fl-109"/>
      </object_component>
      <object_component id="oc-15">
         <name>.text:decompress:lzss:__TI_decompress_lzss</name>
         <load_address>0x7d74</load_address>
         <run_address>0x7d74</run_address>
         <size>0x68</size>
         <input_file_ref idref="fl-e6"/>
      </object_component>
      <object_component id="oc-103">
         <name>.text:printf</name>
         <load_address>0x7ddc</load_address>
         <run_address>0x7ddc</run_address>
         <size>0x68</size>
         <input_file_ref idref="fl-cf"/>
      </object_component>
      <object_component id="oc-422">
         <name>.text:frexp</name>
         <load_address>0x7e44</load_address>
         <run_address>0x7e44</run_address>
         <size>0x64</size>
         <input_file_ref idref="fl-ff"/>
      </object_component>
      <object_component id="oc-4c3">
         <name>.text:fseek</name>
         <load_address>0x7ea8</load_address>
         <run_address>0x7ea8</run_address>
         <size>0x64</size>
         <input_file_ref idref="fl-102"/>
      </object_component>
      <object_component id="oc-449">
         <name>.text:__TI_wrt_ok</name>
         <load_address>0x7f0c</load_address>
         <run_address>0x7f0c</run_address>
         <size>0x62</size>
         <input_file_ref idref="fl-d5"/>
      </object_component>
      <object_component id="oc-52e">
         <name>.text:HOSTopen</name>
         <load_address>0x7f70</load_address>
         <run_address>0x7f70</run_address>
         <size>0x60</size>
         <input_file_ref idref="fl-10a"/>
      </object_component>
      <object_component id="oc-55e">
         <name>.text:close</name>
         <load_address>0x7fd0</load_address>
         <run_address>0x7fd0</run_address>
         <size>0x5c</size>
         <input_file_ref idref="fl-116"/>
      </object_component>
      <object_component id="oc-53a">
         <name>.text:HOSTread</name>
         <load_address>0x802c</load_address>
         <run_address>0x802c</run_address>
         <size>0x58</size>
         <input_file_ref idref="fl-10b"/>
      </object_component>
      <object_component id="oc-540">
         <name>.text:HOSTwrite</name>
         <load_address>0x8084</load_address>
         <run_address>0x8084</run_address>
         <size>0x58</size>
         <input_file_ref idref="fl-10e"/>
      </object_component>
      <object_component id="oc-310">
         <name>.text:_pconv_f</name>
         <load_address>0x80dc</load_address>
         <run_address>0x80dc</run_address>
         <size>0x56</size>
         <input_file_ref idref="fl-d0"/>
      </object_component>
      <object_component id="oc-401">
         <name>.text:__TI_ltoa</name>
         <load_address>0x8132</load_address>
         <run_address>0x8132</run_address>
         <size>0x54</size>
         <input_file_ref idref="fl-e9"/>
      </object_component>
      <object_component id="oc-407">
         <name>.text:_ecpy</name>
         <load_address>0x8186</load_address>
         <run_address>0x8186</run_address>
         <size>0x52</size>
         <input_file_ref idref="fl-d0"/>
      </object_component>
      <object_component id="oc-455">
         <name>.text:__TI_doflush</name>
         <load_address>0x81d8</load_address>
         <run_address>0x81d8</run_address>
         <size>0x4c</size>
         <input_file_ref idref="fl-100"/>
      </object_component>
      <object_component id="oc-2fe">
         <name>.text:atoi</name>
         <load_address>0x8224</load_address>
         <run_address>0x8224</run_address>
         <size>0x4c</size>
         <input_file_ref idref="fl-ea"/>
      </object_component>
      <object_component id="oc-180">
         <name>.text:exit</name>
         <load_address>0x8270</load_address>
         <run_address>0x8270</run_address>
         <size>0x48</size>
         <input_file_ref idref="fl-e7"/>
      </object_component>
      <object_component id="oc-11b">
         <name>.text</name>
         <load_address>0x82b8</load_address>
         <run_address>0x82b8</run_address>
         <size>0x48</size>
         <input_file_ref idref="fl-db"/>
      </object_component>
      <object_component id="oc-534">
         <name>.text:HOSTclose</name>
         <load_address>0x8300</load_address>
         <run_address>0x8300</run_address>
         <size>0x44</size>
         <input_file_ref idref="fl-108"/>
      </object_component>
      <object_component id="oc-54c">
         <name>.text:HOSTunlink</name>
         <load_address>0x8344</load_address>
         <run_address>0x8344</run_address>
         <size>0x44</size>
         <input_file_ref idref="fl-10d"/>
      </object_component>
      <object_component id="oc-186">
         <name>.text:__TI_auto_init_nobinit_nopinit:__TI_auto_init_nobinit_nopinit</name>
         <load_address>0x8388</load_address>
         <run_address>0x8388</run_address>
         <size>0x44</size>
         <input_file_ref idref="fl-104"/>
      </object_component>
      <object_component id="oc-58d">
         <name>.text:getdevice</name>
         <load_address>0x83cc</load_address>
         <run_address>0x83cc</run_address>
         <size>0x44</size>
         <input_file_ref idref="fl-113"/>
      </object_component>
      <object_component id="oc-26d">
         <name>.text</name>
         <load_address>0x8410</load_address>
         <run_address>0x8410</run_address>
         <size>0x44</size>
         <input_file_ref idref="fl-dd"/>
      </object_component>
      <object_component id="oc-109">
         <name>.text:sprintf</name>
         <load_address>0x8454</load_address>
         <run_address>0x8454</run_address>
         <size>0x40</size>
         <input_file_ref idref="fl-d1"/>
      </object_component>
      <object_component id="oc-289">
         <name>.text:vsnprintf</name>
         <load_address>0x8494</load_address>
         <run_address>0x8494</run_address>
         <size>0x40</size>
         <input_file_ref idref="fl-d2"/>
      </object_component>
      <object_component id="oc-41a">
         <name>.text:_fcpy</name>
         <load_address>0x84d4</load_address>
         <run_address>0x84d4</run_address>
         <size>0x3e</size>
         <input_file_ref idref="fl-d0"/>
      </object_component>
      <object_component id="oc-56f">
         <name>.text:__TI_writemsg</name>
         <load_address>0x8514</load_address>
         <run_address>0x8514</run_address>
         <size>0x38</size>
         <input_file_ref idref="fl-10f"/>
      </object_component>
      <object_component id="oc-23b">
         <name>.text:calloc</name>
         <load_address>0x854c</load_address>
         <run_address>0x854c</run_address>
         <size>0x38</size>
         <input_file_ref idref="fl-ef"/>
      </object_component>
      <object_component id="oc-133">
         <name>.text</name>
         <load_address>0x8584</load_address>
         <run_address>0x8584</run_address>
         <size>0x38</size>
         <input_file_ref idref="fl-de"/>
      </object_component>
      <object_component id="oc-5ad">
         <name>.text:strncpy</name>
         <load_address>0x85bc</load_address>
         <run_address>0x85bc</run_address>
         <size>0x36</size>
         <input_file_ref idref="fl-114"/>
      </object_component>
      <object_component id="oc-222">
         <name>.text:IntRegister</name>
         <load_address>0x85f4</load_address>
         <run_address>0x85f4</run_address>
         <size>0x34</size>
         <input_file_ref idref="fl-118"/>
      </object_component>
      <object_component id="oc-4f8">
         <name>.text:__TI_cleanup</name>
         <load_address>0x8628</load_address>
         <run_address>0x8628</run_address>
         <size>0x34</size>
         <input_file_ref idref="fl-101"/>
      </object_component>
      <object_component id="oc-575">
         <name>.text:__TI_readmsg</name>
         <load_address>0x865c</load_address>
         <run_address>0x865c</run_address>
         <size>0x34</size>
         <input_file_ref idref="fl-10f"/>
      </object_component>
      <object_component id="oc-5c">
         <name>.text:_c_int00_noargs:_c_int00_noargs</name>
         <load_address>0x8690</load_address>
         <run_address>0x8690</run_address>
         <size>0x34</size>
         <input_file_ref idref="fl-f5"/>
      </object_component>
      <object_component id="oc-3a9">
         <name>.text:_outs</name>
         <load_address>0x86c4</load_address>
         <run_address>0x86c4</run_address>
         <size>0x30</size>
         <input_file_ref idref="fl-d2"/>
      </object_component>
      <object_component id="oc-5b3">
         <name>.text:finddevice</name>
         <load_address>0x86f4</load_address>
         <run_address>0x86f4</run_address>
         <size>0x30</size>
         <input_file_ref idref="fl-113"/>
      </object_component>
      <object_component id="oc-f8">
         <name>.text</name>
         <load_address>0x8724</load_address>
         <run_address>0x8724</run_address>
         <size>0x2e</size>
         <input_file_ref idref="fl-df"/>
      </object_component>
      <object_component id="oc-564">
         <name>.text:unlink</name>
         <load_address>0x8754</load_address>
         <run_address>0x8754</run_address>
         <size>0x2c</size>
         <input_file_ref idref="fl-117"/>
      </object_component>
      <object_component id="oc-385">
         <name>.text:free_list_insert</name>
         <load_address>0x8780</load_address>
         <run_address>0x8780</run_address>
         <size>0x28</size>
         <input_file_ref idref="fl-ef"/>
      </object_component>
      <object_component id="oc-4f0">
         <name>.text:lseek</name>
         <load_address>0x87a8</load_address>
         <run_address>0x87a8</run_address>
         <size>0x28</size>
         <input_file_ref idref="fl-111"/>
      </object_component>
      <object_component id="oc-45b">
         <name>.text:write</name>
         <load_address>0x87d0</load_address>
         <run_address>0x87d0</run_address>
         <size>0x28</size>
         <input_file_ref idref="fl-f6"/>
      </object_component>
      <object_component id="oc-44f">
         <name>.text:memchr</name>
         <load_address>0x87f8</load_address>
         <run_address>0x87f8</run_address>
         <size>0x20</size>
         <input_file_ref idref="fl-ee"/>
      </object_component>
      <object_component id="oc-278">
         <name>.text</name>
         <load_address>0x8818</load_address>
         <run_address>0x8818</run_address>
         <size>0x20</size>
         <input_file_ref idref="fl-e1"/>
      </object_component>
      <object_component id="oc-37f">
         <name>.text:free_list_remove</name>
         <load_address>0x8838</load_address>
         <run_address>0x8838</run_address>
         <size>0x1c</size>
         <input_file_ref idref="fl-ef"/>
      </object_component>
      <object_component id="oc-322">
         <name>.text:memccpy</name>
         <load_address>0x8854</load_address>
         <run_address>0x8854</run_address>
         <size>0x1c</size>
         <input_file_ref idref="fl-ed"/>
      </object_component>
      <object_component id="oc-2ee">
         <name>.text:copysign</name>
         <load_address>0x8870</load_address>
         <run_address>0x8870</run_address>
         <size>0x1a</size>
         <input_file_ref idref="fl-fa"/>
      </object_component>
      <object_component id="oc-3af">
         <name>.text:_outc</name>
         <load_address>0x888a</load_address>
         <run_address>0x888a</run_address>
         <size>0x18</size>
         <input_file_ref idref="fl-d2"/>
      </object_component>
      <object_component id="oc-214">
         <name>.text:_outs</name>
         <load_address>0x88a2</load_address>
         <run_address>0x88a2</run_address>
         <size>0x18</size>
         <input_file_ref idref="fl-d1"/>
      </object_component>
      <object_component id="oc-247">
         <name>.text:oi_parseInt</name>
         <load_address>0x88ba</load_address>
         <run_address>0x88ba</run_address>
         <size>0x18</size>
         <input_file_ref idref="fl-8"/>
      </object_component>
      <object_component id="oc-24e">
         <name>.text:strcmp</name>
         <load_address>0x88d2</load_address>
         <run_address>0x88d2</run_address>
         <size>0x18</size>
         <input_file_ref idref="fl-f1"/>
      </object_component>
      <object_component id="oc-428">
         <name>.text:strchr</name>
         <load_address>0x88ea</load_address>
         <run_address>0x88ea</run_address>
         <size>0x16</size>
         <input_file_ref idref="fl-f0"/>
      </object_component>
      <object_component id="oc-143">
         <name>.text:strcpy</name>
         <load_address>0x8900</load_address>
         <run_address>0x8900</run_address>
         <size>0x14</size>
         <input_file_ref idref="fl-f2"/>
      </object_component>
      <object_component id="oc-2f8">
         <name>.text:strlen</name>
         <load_address>0x8914</load_address>
         <run_address>0x8914</run_address>
         <size>0x14</size>
         <input_file_ref idref="fl-f3"/>
      </object_component>
      <object_component id="oc-328">
         <name>.text:wcslen</name>
         <load_address>0x8928</load_address>
         <run_address>0x8928</run_address>
         <size>0x12</size>
         <input_file_ref idref="fl-f9"/>
      </object_component>
      <object_component id="oc-228">
         <name>.text:IntMasterEnable</name>
         <load_address>0x893a</load_address>
         <run_address>0x893a</run_address>
         <size>0x10</size>
         <input_file_ref idref="fl-118"/>
      </object_component>
      <object_component id="oc-282">
         <name>.text:lcd_clear</name>
         <load_address>0x894a</load_address>
         <run_address>0x894a</run_address>
         <size>0x10</size>
         <input_file_ref idref="fl-5"/>
      </object_component>
      <object_component id="oc-1b">
         <name>.text:decompress:none:__TI_decompress_none</name>
         <load_address>0x895a</load_address>
         <run_address>0x895a</run_address>
         <size>0xe</size>
         <input_file_ref idref="fl-e5"/>
      </object_component>
      <object_component id="oc-36b">
         <name>.text:CPUcpsie</name>
         <load_address>0x8968</load_address>
         <run_address>0x8968</run_address>
         <size>0xc</size>
         <input_file_ref idref="fl-119"/>
      </object_component>
      <object_component id="oc-50">
         <name>.text:decompress:ZI:__TI_zero_init</name>
         <load_address>0x8974</load_address>
         <run_address>0x8974</run_address>
         <size>0xc</size>
         <input_file_ref idref="fl-e4"/>
      </object_component>
      <object_component id="oc-2a">
         <name>.text</name>
         <load_address>0x8980</load_address>
         <run_address>0x8980</run_address>
         <size>0xc</size>
         <input_file_ref idref="fl-b"/>
      </object_component>
      <object_component id="oc-21a">
         <name>.text:_outc</name>
         <load_address>0x898c</load_address>
         <run_address>0x898c</run_address>
         <size>0xa</size>
         <input_file_ref idref="fl-d1"/>
      </object_component>
      <object_component id="oc-1e3">
         <name>.text:__aeabi_errno_addr</name>
         <load_address>0x8998</load_address>
         <run_address>0x8998</run_address>
         <size>0x8</size>
         <input_file_ref idref="fl-f8"/>
      </object_component>
      <object_component id="oc-378">
         <name>.text:malloc</name>
         <load_address>0x89a0</load_address>
         <run_address>0x89a0</run_address>
         <size>0x8</size>
         <input_file_ref idref="fl-ef"/>
      </object_component>
      <object_component id="oc-207">
         <name>.text:_outc</name>
         <load_address>0x89a8</load_address>
         <run_address>0x89a8</run_address>
         <size>0x4</size>
         <input_file_ref idref="fl-cf"/>
      </object_component>
      <object_component id="oc-201">
         <name>.text:_outs</name>
         <load_address>0x89ac</load_address>
         <run_address>0x89ac</run_address>
         <size>0x4</size>
         <input_file_ref idref="fl-cf"/>
      </object_component>
      <object_component id="oc-9c">
         <name>.text:_system_pre_init</name>
         <load_address>0x89b0</load_address>
         <run_address>0x89b0</run_address>
         <size>0x4</size>
         <input_file_ref idref="fl-105"/>
      </object_component>
      <object_component id="oc-17a">
         <name>.text:abort:abort</name>
         <load_address>0x89b4</load_address>
         <run_address>0x89b4</run_address>
         <size>0x4</size>
         <input_file_ref idref="fl-e7"/>
      </object_component>
      <object_component id="oc-2cb">
         <name>.const:$O1$$</name>
         <load_address>0x89b8</load_address>
         <run_address>0x89b8</run_address>
         <size>0x158</size>
         <input_file_ref idref="fl-f4"/>
      </object_component>
      <object_component id="oc-3f6">
         <name>.const:.string:_ctypes_</name>
         <load_address>0x8b10</load_address>
         <run_address>0x8b10</run_address>
         <size>0x101</size>
         <input_file_ref idref="fl-eb"/>
      </object_component>
      <object_component id="oc-28f">
         <name>.const:.string:lineAddress$1</name>
         <load_address>0x8c11</load_address>
         <run_address>0x8c11</run_address>
         <size>0x4</size>
         <input_file_ref idref="fl-5"/>
      </object_component>
      <object_component id="oc-1d8">
         <name>.const:$O1$$</name>
         <load_address>0x8c18</load_address>
         <run_address>0x8c18</run_address>
         <size>0x98</size>
         <input_file_ref idref="fl-ca"/>
      </object_component>
      <object_component id="oc-399">
         <name>.const:xxx</name>
         <load_address>0x8cb0</load_address>
         <run_address>0x8cb0</run_address>
         <size>0x80</size>
         <input_file_ref idref="fl-fd"/>
      </object_component>
      <object_component id="oc-1e9">
         <name>.const:$O1$$</name>
         <load_address>0x8d30</load_address>
         <run_address>0x8d30</run_address>
         <size>0x30</size>
         <input_file_ref idref="fl-c8"/>
      </object_component>
      <object_component id="oc-257">
         <name>.const:.string:$P$T0$3</name>
         <load_address>0x8d60</load_address>
         <run_address>0x8d60</run_address>
         <size>0xf</size>
         <input_file_ref idref="fl-8"/>
      </object_component>
      <object_component id="oc-290">
         <name>.const:.string:lineAddresses$2</name>
         <load_address>0x8d6f</load_address>
         <run_address>0x8d6f</run_address>
         <size>0x4</size>
         <input_file_ref idref="fl-5"/>
      </object_component>
      <object_component id="oc-5f9">
         <name>.cinit..data.load</name>
         <load_address>0x8d78</load_address>
         <run_address>0x8d78</run_address>
         <size>0x78</size>
      </object_component>
      <object_component id="oc-5f6">
         <name>__TI_handler_table</name>
         <load_address>0x8df0</load_address>
         <run_address>0x8df0</run_address>
         <size>0xc</size>
      </object_component>
      <object_component id="oc-5fa">
         <name>.cinit..bss.load</name>
         <load_address>0x8e00</load_address>
         <run_address>0x8e00</run_address>
         <size>0x8</size>
      </object_component>
      <object_component id="oc-5f8">
         <name>.cinit..vtable.load</name>
         <load_address>0x8e08</load_address>
         <run_address>0x8e08</run_address>
         <size>0x8</size>
      </object_component>
      <object_component id="oc-5f7">
         <name>__TI_cinit_table</name>
         <load_address>0x8e10</load_address>
         <run_address>0x8e10</run_address>
         <size>0x18</size>
      </object_component>
      <object_component id="oc-361">
         <name>.vtable</name>
         <uninitialized>true</uninitialized>
         <run_address>0x20000000</run_address>
         <size>0x26c</size>
         <input_file_ref idref="fl-118"/>
      </object_component>
      <object_component id="oc-273">
         <name>.data</name>
         <load_address>0x20003ac4</load_address>
         <run_address>0x20003ac4</run_address>
         <size>0x1</size>
         <input_file_ref idref="fl-2"/>
      </object_component>
      <object_component id="oc-296">
         <name>.data</name>
         <load_address>0x20003ac5</load_address>
         <run_address>0x20003ac5</run_address>
         <size>0x1</size>
         <input_file_ref idref="fl-4"/>
      </object_component>
      <object_component id="oc-167">
         <name>.data</name>
         <load_address>0x20003abc</load_address>
         <run_address>0x20003abc</run_address>
         <size>0x4</size>
         <input_file_ref idref="fl-6"/>
      </object_component>
      <object_component id="oc-254">
         <name>.data</name>
         <load_address>0x20003a60</load_address>
         <run_address>0x20003a60</run_address>
         <size>0x20</size>
         <input_file_ref idref="fl-8"/>
      </object_component>
      <object_component id="oc-27d">
         <name>.data</name>
         <load_address>0x20003a80</load_address>
         <run_address>0x20003a80</run_address>
         <size>0x10</size>
         <input_file_ref idref="fl-9"/>
      </object_component>
      <object_component id="oc-22e">
         <name>.data</name>
         <load_address>0x20003ac6</load_address>
         <run_address>0x20003ac6</run_address>
         <size>0x1</size>
         <input_file_ref idref="fl-c"/>
      </object_component>
      <object_component id="oc-2a7">
         <name>.data:$O1$$</name>
         <load_address>0x20003aa0</load_address>
         <run_address>0x20003aa0</run_address>
         <size>0xc</size>
         <input_file_ref idref="fl-e7"/>
      </object_component>
      <object_component id="oc-1fb">
         <name>.data:$O1$$</name>
         <load_address>0x20003aac</load_address>
         <run_address>0x20003aac</run_address>
         <size>0x8</size>
         <input_file_ref idref="fl-e8"/>
      </object_component>
      <object_component id="oc-1fe">
         <name>.data:_ftable</name>
         <load_address>0x200038a8</load_address>
         <run_address>0x200038a8</run_address>
         <size>0xf0</size>
         <input_file_ref idref="fl-ec"/>
      </object_component>
      <object_component id="oc-528">
         <name>.data</name>
         <load_address>0x20003a90</load_address>
         <run_address>0x20003a90</run_address>
         <size>0x10</size>
         <input_file_ref idref="fl-ec"/>
      </object_component>
      <object_component id="oc-47b">
         <name>.data:$O1$$</name>
         <load_address>0x20003ab4</load_address>
         <run_address>0x20003ab4</run_address>
         <size>0x8</size>
         <input_file_ref idref="fl-ef"/>
      </object_component>
      <object_component id="oc-50b">
         <name>.data:_device</name>
         <load_address>0x20003998</load_address>
         <run_address>0x20003998</run_address>
         <size>0x78</size>
         <input_file_ref idref="fl-f7"/>
      </object_component>
      <object_component id="oc-4d5">
         <name>.data:_stream</name>
         <load_address>0x20003a10</load_address>
         <run_address>0x20003a10</run_address>
         <size>0x50</size>
         <input_file_ref idref="fl-f7"/>
      </object_component>
      <object_component id="oc-2e7">
         <name>.data</name>
         <load_address>0x20003ac0</load_address>
         <run_address>0x20003ac0</run_address>
         <size>0x4</size>
         <input_file_ref idref="fl-f8"/>
      </object_component>
      <object_component id="oc-291">
         <name>.bss:lastbuffer$3</name>
         <uninitialized>true</uninitialized>
         <run_address>0x2000342c</run_address>
         <size>0x54</size>
         <input_file_ref idref="fl-5"/>
      </object_component>
      <object_component id="oc-170">
         <name>.bss:scan_array</name>
         <uninitialized>true</uninitialized>
         <run_address>0x20002980</run_address>
         <size>0x888</size>
         <input_file_ref idref="fl-6"/>
      </object_component>
      <object_component id="oc-126">
         <name>.bss:uart_buffer</name>
         <uninitialized>true</uninitialized>
         <run_address>0x200033c8</run_address>
         <size>0x64</size>
         <input_file_ref idref="fl-6"/>
      </object_component>
      <object_component id="oc-25a">
         <name>.bss:firmware$2</name>
         <uninitialized>true</uninitialized>
         <run_address>0x20003480</run_address>
         <size>0x18</size>
         <input_file_ref idref="fl-8"/>
      </object_component>
      <object_component id="oc-597">
         <name>.bss:_CIOBUF_</name>
         <uninitialized>true</uninitialized>
         <run_address>0x20003208</run_address>
         <size>0x120</size>
         <input_file_ref idref="fl-10f"/>
      </object_component>
      <object_component id="oc-276">
         <name>.common:_timeout_ticks</name>
         <uninitialized>true</uninitialized>
         <run_address>0x200034a0</run_address>
         <size>0x4</size>
      </object_component>
      <object_component id="oc-56a">
         <name>.common:__TI_tmpnams</name>
         <uninitialized>true</uninitialized>
         <run_address>0x20003328</run_address>
         <size>0xa0</size>
      </object_component>
      <object_component id="oc-57b">
         <name>.common:parmbuf</name>
         <uninitialized>true</uninitialized>
         <run_address>0x20003498</run_address>
         <size>0x8</size>
      </object_component>
      <object_component id="oc-24">
         <name>.sysmem</name>
         <uninitialized>true</uninitialized>
         <run_address>0x200034a8</run_address>
         <size>0x10</size>
         <input_file_ref idref="fl-ef"/>
      </object_component>
      <object_component id="oc-5fd">
         <name>.sysmem</name>
         <uninitialized>true</uninitialized>
         <run_address>0x200034a8</run_address>
         <size>0x0</size>
      </object_component>
      <object_component id="oc-27">
         <name>.stack</name>
         <uninitialized>true</uninitialized>
         <run_address>0x20000270</run_address>
         <size>0x4</size>
         <input_file_ref idref="fl-f5"/>
      </object_component>
      <object_component id="oc-5fc">
         <name>.stack</name>
         <uninitialized>true</uninitialized>
         <run_address>0x20000270</run_address>
         <size>0x0</size>
      </object_component>
      <object_component id="oc-c5">
         <name>.debug_info</name>
         <load_address>0x0</load_address>
         <run_address>0x0</run_address>
         <size>0x2ae</size>
         <input_file_ref idref="fl-2"/>
      </object_component>
      <object_component id="oc-274">
         <name>.debug_info</name>
         <load_address>0x2ae</load_address>
         <run_address>0x2ae</run_address>
         <size>0xbc</size>
         <input_file_ref idref="fl-2"/>
      </object_component>
      <object_component id="oc-150">
         <name>.debug_info</name>
         <load_address>0x36a</load_address>
         <run_address>0x36a</run_address>
         <size>0x504</size>
         <input_file_ref idref="fl-2"/>
      </object_component>
      <object_component id="oc-77">
         <name>.debug_info</name>
         <load_address>0x86e</load_address>
         <run_address>0x86e</run_address>
         <size>0x26b</size>
         <input_file_ref idref="fl-2"/>
      </object_component>
      <object_component id="oc-39">
         <name>.debug_info</name>
         <load_address>0xad9</load_address>
         <run_address>0xad9</run_address>
         <size>0x84</size>
         <input_file_ref idref="fl-2"/>
      </object_component>
      <object_component id="oc-c0">
         <name>.debug_info</name>
         <load_address>0xb5d</load_address>
         <run_address>0xb5d</run_address>
         <size>0x2a4</size>
         <input_file_ref idref="fl-2"/>
      </object_component>
      <object_component id="oc-7c">
         <name>.debug_info</name>
         <load_address>0xe01</load_address>
         <run_address>0xe01</run_address>
         <size>0xbb</size>
         <input_file_ref idref="fl-2"/>
      </object_component>
      <object_component id="oc-15c">
         <name>.debug_info</name>
         <load_address>0xebc</load_address>
         <run_address>0xebc</run_address>
         <size>0x216</size>
         <input_file_ref idref="fl-3"/>
      </object_component>
      <object_component id="oc-16c">
         <name>.debug_info</name>
         <load_address>0x10d2</load_address>
         <run_address>0x10d2</run_address>
         <size>0x171</size>
         <input_file_ref idref="fl-4"/>
      </object_component>
      <object_component id="oc-293">
         <name>.debug_info</name>
         <load_address>0x1243</load_address>
         <run_address>0x1243</run_address>
         <size>0x37c</size>
         <input_file_ref idref="fl-5"/>
      </object_component>
      <object_component id="oc-283">
         <name>.debug_info</name>
         <load_address>0x15bf</load_address>
         <run_address>0x15bf</run_address>
         <size>0x111</size>
         <input_file_ref idref="fl-5"/>
      </object_component>
      <object_component id="oc-162">
         <name>.debug_info</name>
         <load_address>0x16d0</load_address>
         <run_address>0x16d0</run_address>
         <size>0x89d</size>
         <input_file_ref idref="fl-5"/>
      </object_component>
      <object_component id="oc-394">
         <name>.debug_info</name>
         <load_address>0x1f6d</load_address>
         <run_address>0x1f6d</run_address>
         <size>0xcc</size>
         <input_file_ref idref="fl-5"/>
      </object_component>
      <object_component id="oc-20f">
         <name>.debug_info</name>
         <load_address>0x2039</load_address>
         <run_address>0x2039</run_address>
         <size>0x2c</size>
         <input_file_ref idref="fl-5"/>
      </object_component>
      <object_component id="oc-2a1">
         <name>.debug_info</name>
         <load_address>0x2065</load_address>
         <run_address>0x2065</run_address>
         <size>0x35</size>
         <input_file_ref idref="fl-5"/>
      </object_component>
      <object_component id="oc-174">
         <name>.debug_info</name>
         <load_address>0x209a</load_address>
         <run_address>0x209a</run_address>
         <size>0x85d</size>
         <input_file_ref idref="fl-6"/>
      </object_component>
      <object_component id="oc-171">
         <name>.debug_info</name>
         <load_address>0x28f7</load_address>
         <run_address>0x28f7</run_address>
         <size>0xbe</size>
         <input_file_ref idref="fl-6"/>
      </object_component>
      <object_component id="oc-127">
         <name>.debug_info</name>
         <load_address>0x29b5</load_address>
         <run_address>0x29b5</run_address>
         <size>0xc0</size>
         <input_file_ref idref="fl-6"/>
      </object_component>
      <object_component id="oc-168">
         <name>.debug_info</name>
         <load_address>0x2a75</load_address>
         <run_address>0x2a75</run_address>
         <size>0xb3</size>
         <input_file_ref idref="fl-6"/>
      </object_component>
      <object_component id="oc-a4">
         <name>.debug_info</name>
         <load_address>0x2b28</load_address>
         <run_address>0x2b28</run_address>
         <size>0x1a19</size>
         <input_file_ref idref="fl-6"/>
      </object_component>
      <object_component id="oc-29c">
         <name>.debug_info</name>
         <load_address>0x4541</load_address>
         <run_address>0x4541</run_address>
         <size>0x5aa</size>
         <input_file_ref idref="fl-6"/>
      </object_component>
      <object_component id="oc-175">
         <name>.debug_info</name>
         <load_address>0x4aeb</load_address>
         <run_address>0x4aeb</run_address>
         <size>0xed</size>
         <input_file_ref idref="fl-6"/>
      </object_component>
      <object_component id="oc-239">
         <name>.debug_info</name>
         <load_address>0x4bd8</load_address>
         <run_address>0x4bd8</run_address>
         <size>0x30f</size>
         <input_file_ref idref="fl-7"/>
      </object_component>
      <object_component id="oc-116">
         <name>.debug_info</name>
         <load_address>0x4ee7</load_address>
         <run_address>0x4ee7</run_address>
         <size>0x89b</size>
         <input_file_ref idref="fl-7"/>
      </object_component>
      <object_component id="oc-25c">
         <name>.debug_info</name>
         <load_address>0x5782</load_address>
         <run_address>0x5782</run_address>
         <size>0x3f9</size>
         <input_file_ref idref="fl-8"/>
      </object_component>
      <object_component id="oc-255">
         <name>.debug_info</name>
         <load_address>0x5b7b</load_address>
         <run_address>0x5b7b</run_address>
         <size>0x10e</size>
         <input_file_ref idref="fl-8"/>
      </object_component>
      <object_component id="oc-258">
         <name>.debug_info</name>
         <load_address>0x5c89</load_address>
         <run_address>0x5c89</run_address>
         <size>0xc3</size>
         <input_file_ref idref="fl-8"/>
      </object_component>
      <object_component id="oc-249">
         <name>.debug_info</name>
         <load_address>0x5d4c</load_address>
         <run_address>0x5d4c</run_address>
         <size>0x13b</size>
         <input_file_ref idref="fl-8"/>
      </object_component>
      <object_component id="oc-124">
         <name>.debug_info</name>
         <load_address>0x5e87</load_address>
         <run_address>0x5e87</run_address>
         <size>0x1985</size>
         <input_file_ref idref="fl-8"/>
      </object_component>
      <object_component id="oc-232">
         <name>.debug_info</name>
         <load_address>0x780c</load_address>
         <run_address>0x780c</run_address>
         <size>0x8b</size>
         <input_file_ref idref="fl-8"/>
      </object_component>
      <object_component id="oc-3a8">
         <name>.debug_info</name>
         <load_address>0x7897</load_address>
         <run_address>0x7897</run_address>
         <size>0x2e1</size>
         <input_file_ref idref="fl-9"/>
      </object_component>
      <object_component id="oc-27e">
         <name>.debug_info</name>
         <load_address>0x7b78</load_address>
         <run_address>0x7b78</run_address>
         <size>0x128</size>
         <input_file_ref idref="fl-9"/>
      </object_component>
      <object_component id="oc-156">
         <name>.debug_info</name>
         <load_address>0x7ca0</load_address>
         <run_address>0x7ca0</run_address>
         <size>0x44a</size>
         <input_file_ref idref="fl-9"/>
      </object_component>
      <object_component id="oc-488">
         <name>.debug_info</name>
         <load_address>0x80ea</load_address>
         <run_address>0x80ea</run_address>
         <size>0x44</size>
         <input_file_ref idref="fl-9"/>
      </object_component>
      <object_component id="oc-14a">
         <name>.debug_info</name>
         <load_address>0x812e</load_address>
         <run_address>0x812e</run_address>
         <size>0x4b3</size>
         <input_file_ref idref="fl-a"/>
      </object_component>
      <object_component id="oc-32">
         <name>.debug_info</name>
         <load_address>0x85e1</load_address>
         <run_address>0x85e1</run_address>
         <size>0x298</size>
         <input_file_ref idref="fl-b"/>
      </object_component>
      <object_component id="oc-13">
         <name>.debug_info</name>
         <load_address>0x8879</load_address>
         <run_address>0x8879</run_address>
         <size>0xd7</size>
         <input_file_ref idref="fl-b"/>
      </object_component>
      <object_component id="oc-2b">
         <name>.debug_info</name>
         <load_address>0x8950</load_address>
         <run_address>0x8950</run_address>
         <size>0x253</size>
         <input_file_ref idref="fl-b"/>
      </object_component>
      <object_component id="oc-237">
         <name>.debug_info</name>
         <load_address>0x8ba3</load_address>
         <run_address>0x8ba3</run_address>
         <size>0x2b5</size>
         <input_file_ref idref="fl-c"/>
      </object_component>
      <object_component id="oc-22f">
         <name>.debug_info</name>
         <load_address>0x8e58</load_address>
         <run_address>0x8e58</run_address>
         <size>0xbf</size>
         <input_file_ref idref="fl-c"/>
      </object_component>
      <object_component id="oc-112">
         <name>.debug_info</name>
         <load_address>0x8f17</load_address>
         <run_address>0x8f17</run_address>
         <size>0x520</size>
         <input_file_ref idref="fl-c"/>
      </object_component>
      <object_component id="oc-1f3">
         <name>.debug_info</name>
         <load_address>0x9437</load_address>
         <run_address>0x9437</run_address>
         <size>0x35e</size>
         <input_file_ref idref="fl-c8"/>
      </object_component>
      <object_component id="oc-1ea">
         <name>.debug_info</name>
         <load_address>0x9795</load_address>
         <run_address>0x9795</run_address>
         <size>0x128</size>
         <input_file_ref idref="fl-c8"/>
      </object_component>
      <object_component id="oc-100">
         <name>.debug_info</name>
         <load_address>0x98bd</load_address>
         <run_address>0x98bd</run_address>
         <size>0xbf2</size>
         <input_file_ref idref="fl-c8"/>
      </object_component>
      <object_component id="oc-2da">
         <name>.debug_info</name>
         <load_address>0xa4af</load_address>
         <run_address>0xa4af</run_address>
         <size>0x46</size>
         <input_file_ref idref="fl-c8"/>
      </object_component>
      <object_component id="oc-1d0">
         <name>.debug_info</name>
         <load_address>0xa4f5</load_address>
         <run_address>0xa4f5</run_address>
         <size>0x39</size>
         <input_file_ref idref="fl-c8"/>
      </object_component>
      <object_component id="oc-2e6">
         <name>.debug_info</name>
         <load_address>0xa52e</load_address>
         <run_address>0xa52e</run_address>
         <size>0x2c5</size>
         <input_file_ref idref="fl-c9"/>
      </object_component>
      <object_component id="oc-1e0">
         <name>.debug_info</name>
         <load_address>0xa7f3</load_address>
         <run_address>0xa7f3</run_address>
         <size>0x24e</size>
         <input_file_ref idref="fl-c9"/>
      </object_component>
      <object_component id="oc-2e3">
         <name>.debug_info</name>
         <load_address>0xaa41</load_address>
         <run_address>0xaa41</run_address>
         <size>0x2f2</size>
         <input_file_ref idref="fl-ca"/>
      </object_component>
      <object_component id="oc-1d9">
         <name>.debug_info</name>
         <load_address>0xad33</load_address>
         <run_address>0xad33</run_address>
         <size>0x131</size>
         <input_file_ref idref="fl-ca"/>
      </object_component>
      <object_component id="oc-f3">
         <name>.debug_info</name>
         <load_address>0xae64</load_address>
         <run_address>0xae64</run_address>
         <size>0x4ac</size>
         <input_file_ref idref="fl-ca"/>
      </object_component>
      <object_component id="oc-1d6">
         <name>.debug_info</name>
         <load_address>0xb310</load_address>
         <run_address>0xb310</run_address>
         <size>0x361</size>
         <input_file_ref idref="fl-cb"/>
      </object_component>
      <object_component id="oc-eb">
         <name>.debug_info</name>
         <load_address>0xb671</load_address>
         <run_address>0xb671</run_address>
         <size>0x79b</size>
         <input_file_ref idref="fl-cb"/>
      </object_component>
      <object_component id="oc-2f5">
         <name>.debug_info</name>
         <load_address>0xbe0c</load_address>
         <run_address>0xbe0c</run_address>
         <size>0x2f8</size>
         <input_file_ref idref="fl-cc"/>
      </object_component>
      <object_component id="oc-1ef">
         <name>.debug_info</name>
         <load_address>0xc104</load_address>
         <run_address>0xc104</run_address>
         <size>0x225</size>
         <input_file_ref idref="fl-cc"/>
      </object_component>
      <object_component id="oc-3e2">
         <name>.debug_info</name>
         <load_address>0xc329</load_address>
         <run_address>0xc329</run_address>
         <size>0x39</size>
         <input_file_ref idref="fl-cc"/>
      </object_component>
      <object_component id="oc-2d1">
         <name>.debug_info</name>
         <load_address>0xc362</load_address>
         <run_address>0xc362</run_address>
         <size>0x2c</size>
         <input_file_ref idref="fl-cc"/>
      </object_component>
      <object_component id="oc-1cf">
         <name>.debug_info</name>
         <load_address>0xc38e</load_address>
         <run_address>0xc38e</run_address>
         <size>0x361</size>
         <input_file_ref idref="fl-cd"/>
      </object_component>
      <object_component id="oc-e3">
         <name>.debug_info</name>
         <load_address>0xc6ef</load_address>
         <run_address>0xc6ef</run_address>
         <size>0x7ae</size>
         <input_file_ref idref="fl-cd"/>
      </object_component>
      <object_component id="oc-269">
         <name>.debug_info</name>
         <load_address>0xce9d</load_address>
         <run_address>0xce9d</run_address>
         <size>0x36a</size>
         <input_file_ref idref="fl-ce"/>
      </object_component>
      <object_component id="oc-13a">
         <name>.debug_info</name>
         <load_address>0xd207</load_address>
         <run_address>0xd207</run_address>
         <size>0x5d4</size>
         <input_file_ref idref="fl-ce"/>
      </object_component>
      <object_component id="oc-20e">
         <name>.debug_info</name>
         <load_address>0xd7db</load_address>
         <run_address>0xd7db</run_address>
         <size>0x3e5</size>
         <input_file_ref idref="fl-cf"/>
      </object_component>
      <object_component id="oc-20a">
         <name>.debug_info</name>
         <load_address>0xdbc0</load_address>
         <run_address>0xdbc0</run_address>
         <size>0x157</size>
         <input_file_ref idref="fl-cf"/>
      </object_component>
      <object_component id="oc-202">
         <name>.debug_info</name>
         <load_address>0xdd17</load_address>
         <run_address>0xdd17</run_address>
         <size>0x166</size>
         <input_file_ref idref="fl-cf"/>
      </object_component>
      <object_component id="oc-105">
         <name>.debug_info</name>
         <load_address>0xde7d</load_address>
         <run_address>0xde7d</run_address>
         <size>0x1ac</size>
         <input_file_ref idref="fl-cf"/>
      </object_component>
      <object_component id="oc-358">
         <name>.debug_info</name>
         <load_address>0xe029</load_address>
         <run_address>0xe029</run_address>
         <size>0xb2</size>
         <input_file_ref idref="fl-cf"/>
      </object_component>
      <object_component id="oc-32f">
         <name>.debug_info</name>
         <load_address>0xe0db</load_address>
         <run_address>0xe0db</run_address>
         <size>0x590</size>
         <input_file_ref idref="fl-d0"/>
      </object_component>
      <object_component id="oc-306">
         <name>.debug_info</name>
         <load_address>0xe66b</load_address>
         <run_address>0xe66b</run_address>
         <size>0x21e</size>
         <input_file_ref idref="fl-d0"/>
      </object_component>
      <object_component id="oc-409">
         <name>.debug_info</name>
         <load_address>0xe889</load_address>
         <run_address>0xe889</run_address>
         <size>0x1b3</size>
         <input_file_ref idref="fl-d0"/>
      </object_component>
      <object_component id="oc-40f">
         <name>.debug_info</name>
         <load_address>0xea3c</load_address>
         <run_address>0xea3c</run_address>
         <size>0x21b</size>
[...]
      </symbol>
      <symbol id="sm-4c6">
         <name>atan</name>
         <value>0x5929</value>
         <object_component_ref idref="oc-f2"/>
      </symbol>
      <symbol id="sm-517">
         <name>cosl</name>
         <value>0x3eb5</value>
         <object_component_ref idref="oc-e7"/>
      </symbol>
      <symbol id="sm-518">
         <name>cos</name>
         <value>0x3eb5</value>
         <object_component_ref idref="oc-e7"/>
      </symbol>
      <symbol id="sm-53f">
         <name>scalbn</name>
         <value>0x6fad</value>
         <object_component_ref idref="oc-1ec"/>
      </symbol>
      <symbol id="sm-540">
         <name>scalbnl</name>
         <value>0x6fad</value>
         <object_component_ref idref="oc-1ec"/>
      </symbol>
      <symbol id="sm-541">
         <name>ldexpl</name>
         <value>0x6fad</value>
         <object_component_ref idref="oc-1ec"/>
      </symbol>
      <symbol id="sm-542">
         <name>ldexp</name>
         <value>0x6fad</value>
         <object_component_ref idref="oc-1ec"/>
      </symbol>
      <symbol id="sm-592">
         <name>sin</name>
         <value>0x38d5</value>
         <object_component_ref idref="oc-e1"/>
      </symbol>
      <symbol id="sm-593">
         <name>sinl</name>
         <value>0x38d5</value>
         <object_component_ref idref="oc-e1"/>
      </symbol>
      <symbol id="sm-5e4">
         <name>tanl</name>
         <value>0x4491</value>
         <object_component_ref idref="oc-138"/>
      </symbol>
      <symbol id="sm-5e5">
         <name>tan</name>
         <value>0x4491</value>
         <object_component_ref idref="oc-138"/>
      </symbol>
      <symbol id="sm-611">
         <name>printf</name>
         <value>0x7ddd</value>
         <object_component_ref idref="oc-103"/>
      </symbol>
      <symbol id="sm-77b">
         <name>__TI_printfi</name>
         <value>0x1d7d</value>
         <object_component_ref idref="oc-1f5"/>
      </symbol>
      <symbol id="sm-79d">
         <name>sprintf</name>
         <value>0x8455</value>
         <object_component_ref idref="oc-109"/>
      </symbol>
      <symbol id="sm-7c7">
         <name>vsnprintf</name>
         <value>0x8495</value>
         <object_component_ref idref="oc-289"/>
      </symbol>
      <symbol id="sm-7dc">
         <name>putc</name>
         <value>0x7859</value>
         <object_component_ref idref="oc-34f"/>
      </symbol>
      <symbol id="sm-7dd">
         <name>fputc</name>
         <value>0x7859</value>
         <object_component_ref idref="oc-34f"/>
      </symbol>
      <symbol id="sm-800">
         <name>fputs</name>
         <value>0x6e99</value>
         <object_component_ref idref="oc-348"/>
      </symbol>
      <symbol id="sm-818">
         <name>__TI_wrt_ok</name>
         <value>0x7f0d</value>
         <object_component_ref idref="oc-449"/>
      </symbol>
      <symbol id="sm-834">
         <name>setvbuf</name>
         <value>0x7599</value>
         <object_component_ref idref="oc-4c9"/>
      </symbol>
      <symbol id="sm-84b">
         <name>__aeabi_dsub</name>
         <value>0x650d</value>
         <object_component_ref idref="oc-ed"/>
      </symbol>
      <symbol id="sm-84c">
         <name>__aeabi_dadd</name>
         <value>0x6517</value>
         <object_component_ref idref="oc-ed"/>
      </symbol>
      <symbol id="sm-86e">
         <name>__aeabi_cdcmpeq</name>
         <value>0x78e5</value>
         <object_component_ref idref="oc-12e"/>
      </symbol>
      <symbol id="sm-86f">
         <name>__aeabi_cdcmple</name>
         <value>0x78e5</value>
         <object_component_ref idref="oc-12e"/>
      </symbol>
      <symbol id="sm-870">
         <name>__aeabi_cdrcmple</name>
         <value>0x796b</value>
         <object_component_ref idref="oc-129"/>
      </symbol>
      <symbol id="sm-884">
         <name>__aeabi_ddiv</name>
         <value>0x6c3d</value>
         <object_component_ref idref="oc-dc"/>
      </symbol>
      <symbol id="sm-88f">
         <name>__aeabi_dmul</name>
         <value>0x72c1</value>
         <object_component_ref idref="oc-d7"/>
      </symbol>
      <symbol id="sm-899">
         <name>__aeabi_d2iz</name>
         <value>0x82b9</value>
         <object_component_ref idref="oc-11b"/>
      </symbol>
      <symbol id="sm-8a5">
         <name>__aeabi_d2f</name>
         <value>0x7c33</value>
         <object_component_ref idref="oc-13e"/>
      </symbol>
      <symbol id="sm-8af">
         <name>__aeabi_d2uiz</name>
         <value>0x8411</value>
         <object_component_ref idref="oc-26d"/>
      </symbol>
      <symbol id="sm-8ba">
         <name>__aeabi_f2d</name>
         <value>0x8585</value>
         <object_component_ref idref="oc-133"/>
      </symbol>
      <symbol id="sm-8c4">
         <name>__aeabi_i2d</name>
         <value>0x8725</value>
         <object_component_ref idref="oc-f8"/>
      </symbol>
      <symbol id="sm-8df">
         <name>memcpy</name>
         <value>0x7727</value>
         <object_component_ref idref="oc-3e"/>
      </symbol>
      <symbol id="sm-8e0">
         <name>__aeabi_memcpy</name>
         <value>0x7727</value>
         <object_component_ref idref="oc-3e"/>
      </symbol>
      <symbol id="sm-8e1">
         <name>__aeabi_memcpy8</name>
         <value>0x7727</value>
         <object_component_ref idref="oc-3e"/>
      </symbol>
      <symbol id="sm-8e2">
         <name>__aeabi_memcpy4</name>
         <value>0x7727</value>
         <object_component_ref idref="oc-3e"/>
      </symbol>
      <symbol id="sm-8ec">
         <name>__aeabi_ui2d</name>
         <value>0x8819</value>
         <object_component_ref idref="oc-278"/>
      </symbol>
      <symbol id="sm-8fb">
         <name>__aeabi_memset</name>
         <value>0x79f3</value>
         <object_component_ref idref="oc-96"/>
      </symbol>
      <symbol id="sm-8fc">
         <name>memset</name>
         <value>0x79f9</value>
         <object_component_ref idref="oc-96"/>
      </symbol>
      <symbol id="sm-8fd">
         <name>__aeabi_memset8</name>
         <value>0x79f3</value>
         <object_component_ref idref="oc-96"/>
      </symbol>
      <symbol id="sm-8fe">
         <name>__aeabi_memset4</name>
         <value>0x79f3</value>
         <object_component_ref idref="oc-96"/>
      </symbol>
      <symbol id="sm-8ff">
         <name>__aeabi_memclr8</name>
         <value>0x79f1</value>
         <object_component_ref idref="oc-96"/>
      </symbol>
      <symbol id="sm-900">
         <name>__aeabi_memclr4</name>
         <value>0x79f1</value>
         <object_component_ref idref="oc-96"/>
      </symbol>
      <symbol id="sm-901">
         <name>__aeabi_memclr</name>
         <value>0x79f1</value>
         <object_component_ref idref="oc-96"/>
      </symbol>
      <symbol id="sm-90e">
         <name>__aeabi_uldivmod</name>
         <value>0x77c3</value>
         <object_component_ref idref="oc-3fb"/>
      </symbol>
      <symbol id="sm-920">
         <name>__TI_zero_init</name>
         <value>0x8975</value>
         <object_component_ref idref="oc-50"/>
      </symbol>
      <symbol id="sm-937">
         <name>__TI_decompress_none</name>
         <value>0x895b</value>
         <object_component_ref idref="oc-1b"/>
      </symbol>
      <symbol id="sm-95a">
         <name>__TI_decompress_lzss</name>
         <value>0x7d75</value>
         <object_component_ref idref="oc-15"/>
      </symbol>
      <symbol id="sm-980">
         <name>C$$EXIT</name>
         <value>0x89b5</value>
         <object_component_ref idref="oc-17a"/>
      </symbol>
      <symbol id="sm-981">
         <name>abort</name>
         <value>0x89b5</value>
         <object_component_ref idref="oc-17a"/>
      </symbol>
      <symbol id="sm-982">
         <name>__TI_dtors_ptr</name>
         <value>0x20003aa4</value>
         <object_component_ref idref="oc-2a7"/>
      </symbol>
      <symbol id="sm-983">
         <name>__TI_cleanup_ptr</name>
         <value>0x20003aa0</value>
         <object_component_ref idref="oc-2a7"/>
      </symbol>
      <symbol id="sm-984">
         <name>__TI_enable_exit_profile_output</name>
         <value>0x20003aa8</value>
         <object_component_ref idref="oc-2a7"/>
      </symbol>
      <symbol id="sm-985">
         <name>exit</name>
         <value>0x8271</value>
         <object_component_ref idref="oc-180"/>
      </symbol>
      <symbol id="sm-99a">
         <name>_nop</name>
         <value>0x27cb</value>
         <object_component_ref idref="oc-33a"/>
      </symbol>
      <symbol id="sm-99b">
         <name>_lock</name>
         <value>0x20003aac</value>
         <object_component_ref idref="oc-1fb"/>
      </symbol>
      <symbol id="sm-99c">
         <name>_unlock</name>
         <value>0x20003ab0</value>
         <object_component_ref idref="oc-1fb"/>
      </symbol>
      <symbol id="sm-9ab">
         <name>__TI_ltoa</name>
         <value>0x8133</value>
         <object_component_ref idref="oc-401"/>
      </symbol>
      <symbol id="sm-9c1">
         <name>atoi</name>
         <value>0x8225</value>
         <object_component_ref idref="oc-2fe"/>
      </symbol>
      <symbol id="sm-9cc">
         <name>_ctypes_</name>
         <value>0x8b10</value>
         <object_component_ref idref="oc-3f6"/>
      </symbol>
      <symbol id="sm-9e1">
         <name>__TI_tmpnams</name>
         <value>0x20003328</value>
      </symbol>
      <symbol id="sm-9e2">
         <name>__aeabi_stdout</name>
         <value>0x20003a98</value>
         <object_component_ref idref="oc-528"/>
      </symbol>
      <symbol id="sm-9e3">
         <name>__aeabi_stderr</name>
         <value>0x20003a9c</value>
         <object_component_ref idref="oc-528"/>
      </symbol>
      <symbol id="sm-9e4">
         <name>__aeabi_stdin</name>
         <value>0x20003a94</value>
         <object_component_ref idref="oc-528"/>
      </symbol>
      <symbol id="sm-9e5">
         <name>_ftable</name>
         <value>0x200038a8</value>
         <object_component_ref idref="oc-1fe"/>
      </symbol>
      <symbol id="sm-9e6">
         <name>__TI_ft_end</name>
         <value>0x20003a90</value>
         <object_component_ref idref="oc-528"/>
      </symbol>
      <symbol id="sm-9f6">
         <name>memccpy</name>
         <value>0x8855</value>
         <object_component_ref idref="oc-322"/>
      </symbol>
      <symbol id="sm-a06">
         <name>memchr</name>
         <value>0x87f9</value>
         <object_component_ref idref="oc-44f"/>
      </symbol>
      <symbol id="sm-a9b">
         <name>_sys_memory</name>
         <value>0x200034a8</value>
         <object_component_ref idref="oc-24"/>
      </symbol>
      <symbol id="sm-a9c">
         <name>free</name>
         <value>0x74b5</value>
         <object_component_ref idref="oc-241"/>
      </symbol>
      <symbol id="sm-a9d">
         <name>memalign</name>
         <value>0x71c1</value>
         <object_component_ref idref="oc-474"/>
      </symbol>
      <symbol id="sm-a9e">
         <name>calloc</name>
         <value>0x854d</value>
         <object_component_ref idref="oc-23b"/>
      </symbol>
      <symbol id="sm-a9f">
         <name>malloc</name>
         <value>0x89a1</value>
         <object_component_ref idref="oc-378"/>
      </symbol>
      <symbol id="sm-aa0">
         <name>aligned_alloc</name>
         <value>0x71c1</value>
         <object_component_ref idref="oc-474"/>
      </symbol>
      <symbol id="sm-ab0">
         <name>strchr</name>
         <value>0x88eb</value>
         <object_component_ref idref="oc-428"/>
      </symbol>
      <symbol id="sm-abf">
         <name>strcmp</name>
         <value>0x88d3</value>
         <object_component_ref idref="oc-24e"/>
      </symbol>
      <symbol id="sm-acd">
         <name>strcpy</name>
         <value>0x8901</value>
         <object_component_ref idref="oc-143"/>
      </symbol>
      <symbol id="sm-adb">
         <name>strlen</name>
         <value>0x8915</value>
         <object_component_ref idref="oc-2f8"/>
      </symbol>
      <symbol id="sm-b41">
         <name>__kernel_rem_pio2</name>
         <value>0x319d</value>
         <object_component_ref idref="oc-1c2"/>
      </symbol>
      <symbol id="sm-b54">
         <name>__stack</name>
         <value>0x20000270</value>
         <object_component_ref idref="oc-27"/>
      </symbol>
      <symbol id="sm-b55">
         <name>_c_int00_noargs</name>
         <value>0x8691</value>
         <object_component_ref idref="oc-5c"/>
      </symbol>
      <symbol id="sm-b6f">
         <name>write</name>
         <value>0x87d1</value>
         <object_component_ref idref="oc-45b"/>
      </symbol>
      <symbol id="sm-b80">
         <name>_stream</name>
         <value>0x20003a10</value>
         <object_component_ref idref="oc-4d5"/>
      </symbol>
      <symbol id="sm-b81">
         <name>_device</name>
         <value>0x20003998</value>
         <object_component_ref idref="oc-50b"/>
      </symbol>
      <symbol id="sm-b97">
         <name>__aeabi_errno_addr</name>
         <value>0x8999</value>
         <object_component_ref idref="oc-1e3"/>
      </symbol>
      <symbol id="sm-b98">
         <name>errno</name>
         <value>0x20003ac0</value>
         <object_component_ref idref="oc-2e7"/>
      </symbol>
      <symbol id="sm-bb1">
         <name>wcslen</name>
         <value>0x8929</value>
         <object_component_ref idref="oc-328"/>
      </symbol>
      <symbol id="sm-bbb">
         <name>copysign</name>
         <value>0x8871</value>
         <object_component_ref idref="oc-2ee"/>
      </symbol>
      <symbol id="sm-bbc">
         <name>copysignl</name>
         <value>0x8871</value>
         <object_component_ref idref="oc-2ee"/>
      </symbol>
      <symbol id="sm-bd2">
         <name>__kernel_cos</name>
         <value>0x6839</value>
         <object_component_ref idref="oc-1c8"/>
      </symbol>
      <symbol id="sm-be9">
         <name>__kernel_sin</name>
         <value>0x66c5</value>
         <object_component_ref idref="oc-1bc"/>
      </symbol>
      <symbol id="sm-c08">
         <name>__kernel_tan</name>
         <value>0x4fe1</value>
         <object_component_ref idref="oc-262"/>
      </symbol>
      <symbol id="sm-c25">
         <name>floorl</name>
         <value>0x73bd</value>
         <object_component_ref idref="oc-2c5"/>
      </symbol>
      <symbol id="sm-c26">
         <name>floor</name>
         <value>0x73bd</value>
         <object_component_ref idref="oc-2c5"/>
      </symbol>
      <symbol id="sm-c3c">
         <name>frexpl</name>
         <value>0x7e45</value>
         <object_component_ref idref="oc-422"/>
      </symbol>
      <symbol id="sm-c3d">
         <name>frexp</name>
         <value>0x7e45</value>
         <object_component_ref idref="oc-422"/>
      </symbol>
      <symbol id="sm-c4d">
         <name>__TI_doflush</name>
         <value>0x81d9</value>
         <object_component_ref idref="oc-455"/>
      </symbol>
      <symbol id="sm-c5d">
         <name>__TI_cleanup</name>
         <value>0x8629</value>
         <object_component_ref idref="oc-4f8"/>
      </symbol>
      <symbol id="sm-c6f">
         <name>fseek</name>
         <value>0x7ea9</value>
         <object_component_ref idref="oc-4c3"/>
      </symbol>
      <symbol id="sm-c79">
         <name>__aeabi_idiv0</name>
         <value>0x66c3</value>
         <object_component_ref idref="oc-4a5"/>
      </symbol>
      <symbol id="sm-c7a">
         <name>__aeabi_ldiv0</name>
         <value>0x66c3</value>
         <object_component_ref idref="oc-4a5"/>
      </symbol>
      <symbol id="sm-ca2">
         <name>__TI_auto_init_nobinit_nopinit</name>
         <value>0x8389</value>
         <object_component_ref idref="oc-186"/>
      </symbol>
      <symbol id="sm-cac">
         <name>_system_pre_init</name>
         <value>0x89b1</value>
         <object_component_ref idref="oc-9c"/>
      </symbol>
      <symbol id="sm-cbf">
         <name>HOSTclose</name>
         <value>0x8301</value>
         <object_component_ref idref="oc-534"/>
      </symbol>
      <symbol id="sm-cd0">
         <name>HOSTlseek</name>
         <value>0x7d0d</value>
         <object_component_ref idref="oc-546"/>
      </symbol>
      <symbol id="sm-ce2">
         <name>parmbuf</name>
         <value>0x20003498</value>
      </symbol>
      <symbol id="sm-ce3">
         <name>HOSTopen</name>
         <value>0x7f71</value>
         <object_component_ref idref="oc-52e"/>
      </symbol>
      <symbol id="sm-cf4">
         <name>HOSTread</name>
         <value>0x802d</value>
         <object_component_ref idref="oc-53a"/>
      </symbol>
      <symbol id="sm-d05">
         <name>HOSTrename</name>
         <value>0x7ca1</value>
         <object_component_ref idref="oc-552"/>
      </symbol>
      <symbol id="sm-d16">
         <name>HOSTunlink</name>
         <value>0x8345</value>
         <object_component_ref idref="oc-54c"/>
      </symbol>
      <symbol id="sm-d27">
         <name>HOSTwrite</name>
         <value>0x8085</value>
         <object_component_ref idref="oc-540"/>
      </symbol>
      <symbol id="sm-d4b">
         <name>__TI_readmsg</name>
         <value>0x865d</value>
         <object_component_ref idref="oc-575"/>
      </symbol>
      <symbol id="sm-d4c">
         <name>C$$IO$$</name>
         <value>0x8543</value>
         <object_component_ref idref="oc-56f"/>
      </symbol>
      <symbol id="sm-d4d">
         <name>__CIOBUF_</name>
         <value>0x20003208</value>
         <object_component_ref idref="oc-597"/>
      </symbol>
      <symbol id="sm-d4e">
         <name>__TI_writemsg</name>
         <value>0x8515</value>
         <object_component_ref idref="oc-56f"/>
      </symbol>
      <symbol id="sm-d5f">
         <name>lseek</name>
         <value>0x87a9</value>
         <object_component_ref idref="oc-4f0"/>
      </symbol>
      <symbol id="sm-d74">
         <name>__TI_closefile</name>
         <value>0x7a6d</value>
         <object_component_ref idref="oc-522"/>
      </symbol>
      <symbol id="sm-d97">
         <name>finddevice</name>
         <value>0x86f5</value>
         <object_component_ref idref="oc-5b3"/>
      </symbol>
      <symbol id="sm-d98">
         <name>getdevice</name>
         <value>0x83cd</value>
         <object_component_ref idref="oc-58d"/>
      </symbol>
      <symbol id="sm-da8">
         <name>strncpy</name>
         <value>0x85bd</value>
         <object_component_ref idref="oc-5ad"/>
      </symbol>
      <symbol id="sm-dbd">
         <name>close</name>
         <value>0x7fd1</value>
         <object_component_ref idref="oc-55e"/>
      </symbol>
      <symbol id="sm-dcd">
         <name>unlink</name>
         <value>0x8755</value>
         <object_component_ref idref="oc-564"/>
      </symbol>
      <symbol id="sm-dfc">
         <name>IntRegister</name>
         <value>0x85f5</value>
         <object_component_ref idref="oc-222"/>
      </symbol>
      <symbol id="sm-dfd">
         <name>g_pfnRAMVectors</name>
         <value>0x20000000</value>
         <object_component_ref idref="oc-361"/>
      </symbol>
      <symbol id="sm-dfe">
         <name>IntMasterEnable</name>
         <value>0x893b</value>
         <object_component_ref idref="oc-228"/>
      </symbol>
      <symbol id="sm-e08">
         <name>CPUcpsie</name>
         <value>0x8969</value>
         <object_component_ref idref="oc-36b"/>
      </symbol>
      <symbol id="sm-e09">
         <name>__TI_static_base__</name>
         <value>0x0</value>
      </symbol>
      <symbol id="sm-e0c">
         <name>__mpu_init</name>
         <value>0x0</value>
      </symbol>
      <symbol id="sm-e0d">
         <name>_system_post_cinit</name>
         <value>0x0</value>
      </symbol>
      <symbol id="sm-e0e">
         <name>remove</name>
         <value>0x8755</value>
      </symbol>
   </symbol_table>
   <title>Link successful</title>
</link_info>
