******************************************************************************
                  TI ARM Linker PC v20.2.7                     
******************************************************************************
>> Linked Thu Nov 13 12:04:37 2025

OUTPUT FILE NAME:   <lab_7.out>
ENTRY POINT SYMBOL: "_c_int00_noargs"  address: 00008691


MEMORY CONFIGURATION

         name            origin    length      used     unused   attr    fill
----------------------  --------  ---------  --------  --------  ----  --------
  FLASH                 00000000   00040000  00008e23  000371dd  R  X
  SRAM                  20000000   00008000  00003abf  00004541  RW X


SEGMENT ALLOCATION MAP

run origin  load origin   length   init length attrs members
----------  ----------- ---------- ----------- ----- -------
00000000    00000000    00008e28   00008e28    r-x
  00000000    00000000    0000026c   0000026c    r-- .intvecs
  0000026c    0000026c    0000874c   0000874c    r-x .text
  000089b8    000089b8    000003bb   000003bb    r-- .const
  00008d78    00008d78    000000b0   000000b0    r-- .cinit
20000000    20000000    00003ac7   00000000    rw-
  20000000    20000000    0000026c   00000000    rw- .vtable
  20000270    20000270    00002710   00000000    rw- .stack
  20002980    20002980    00000b24   00000000    rw- .bss
  200034a8    200034a8    00000400   00000000    rw- .sysmem
  200038a8    200038a8    0000021f   00000000    rw- .data


SECTION ALLOCATION MAP

 output                                  attributes/
section   page    origin      length       input sections
--------  ----  ----------  ----------   ----------------
.intvecs   0    00000000    0000026c     
                  00000000    0000026c     tm4c123gh6pm_startup_ccs.obj (.intvecs)

.text      0    0000026c    0000874c     
                  0000026c    00000ef0     main.obj (.text)
                  0000115c    00000c20     open_interface.obj (.text)
                  00001d7c    00000a4e     rtsv7M4_T_le_v4SPD16_eabi.lib : _printfi.c.obj (.text:__TI_printfi)
                  000027ca    00000002                                   : _lock.c.obj (.text:_nop)
                  000027cc    000009d0                                   : e_pow.c.obj (.text:pow)
                  0000319c    00000738                                   : k_rem_pio2.c.obj (.text:__kernel_rem_pio2)
                  000038d4    000005e0                                   : s_sin.c.obj (.text:sin)
                  00003eb4    000005dc                                   : s_cos.c.obj (.text:cos)
                  00004490    00000508                                   : s_tan.c.obj (.text:tan)
                  00004998    00000328     lcd.obj (.text)
                  00004cc0    00000320     ping.obj (.text)
                  00004fe0    0000031c     rtsv7M4_T_le_v4SPD16_eabi.lib : k_tan.c.obj (.text:__kernel_tan)
                  000052fc    00000318     servo.obj (.text)
                  00005614    00000314     uart.obj (.text)
                  00005928    000002ec     rtsv7M4_T_le_v4SPD16_eabi.lib : s_atan.c.obj (.text:atan)
                  00005c14    00000270                                   : _printfi.c.obj (.text:_pconv_a)
                  00005e84    00000270     movement.obj (.text)
                  000060f4    00000248     Timer.obj (.text)
                  0000633c    000001d0     rtsv7M4_T_le_v4SPD16_eabi.lib : _printfi.c.obj (.text:_pconv_g)
                  0000650c    000001b6                                   : fd_add_t2.asm.obj (.text)
                  000066c2    00000002                                   : div0.asm.obj (.text)
                  000066c4    00000174                                   : k_sin.c.obj (.text:__kernel_sin)
                  00006838    00000170                                   : k_cos.c.obj (.text:__kernel_cos)
                  000069a8    00000158                                   : e_sqrt.c.obj (.text:sqrt)
                  00006b00    0000013c                                   : _printfi.c.obj (.text:_pconv_e)
                  00006c3c    00000136                                   : fd_div_t2.asm.obj (.text)
                  00006d72    00000002     --HOLE-- [fill = 0]
                  00006d74    00000124                                   : _printfi.c.obj (.text:fcvt)
                  00006e98    00000114                                   : fputs.c.obj (.text:fputs)
                  00006fac    00000110                                   : s_scalbn.c.obj (.text:scalbn)
                  000070bc    00000104     adc.obj (.text)
                  000071c0    00000100     rtsv7M4_T_le_v4SPD16_eabi.lib : memory.c.obj (.text:aligned_alloc)
                  000072c0    000000fc                                   : fd_mul_t2.asm.obj (.text)
                  000073bc    000000f8                                   : s_floor.c.obj (.text:floor)
                  000074b4    000000e4                                   : memory.c.obj (.text:free)
                  00007598    000000dc                                   : setvbuf.c.obj (.text:setvbuf)
                  00007674    000000b1                                   : _printfi.c.obj (.text:_ltostr)
                  00007725    00000001     --HOLE-- [fill = 0]
                  00007726    0000009c                                   : memcpy_t2.asm.obj (.text)
                  000077c2    00000096                                   : ull_div_t2.asm.obj (.text)
                  00007858    0000008c                                   : fputc.c.obj (.text:fputc)
                  000078e4    00000086                                   : fd_cmp_t2.asm.obj (.text:__aeabi_cdcmple)
                  0000796a    00000086                                   : fd_cmp_t2.asm.obj (.text:__aeabi_cdrcmple)
                  000079f0    0000007a                                   : memset_t2.asm.obj (.text)
                  00007a6a    00000002     --HOLE-- [fill = 0]
                  00007a6c    00000074                                   : fclose.c.obj (.text:__TI_closefile)
                  00007ae0    00000074     button.obj (.text)
                  00007b54    00000070     rtsv7M4_T_le_v4SPD16_eabi.lib : memory.c.obj (.text:split)
                  00007bc4    0000006e                                   : _printfi.c.obj (.text:_mcpy)
                  00007c32    0000006e                                   : fd_tos_t2.asm.obj (.text)
                  00007ca0    0000006c                                   : hostrename.c.obj (.text:HOSTrename)
                  00007d0c    00000068                                   : hostlseek.c.obj (.text:HOSTlseek)
                  00007d74    00000068                                   : copy_decompress_lzss.c.obj (.text:decompress:lzss:__TI_decompress_lzss)
                  00007ddc    00000068                                   : printf.c.obj (.text:printf)
                  00007e44    00000064                                   : s_frexp.c.obj (.text:frexp)
                  00007ea8    00000064                                   : fseek.c.obj (.text:fseek)
                  00007f0c    00000062                                   : _io_perm.c.obj (.text:__TI_wrt_ok)
                  00007f6e    00000002     --HOLE-- [fill = 0]
                  00007f70    00000060                                   : hostopen.c.obj (.text:HOSTopen)
                  00007fd0    0000005c                                   : close.c.obj (.text:close)
                  0000802c    00000058                                   : hostread.c.obj (.text:HOSTread)
                  00008084    00000058                                   : hostwrite.c.obj (.text:HOSTwrite)
                  000080dc    00000056                                   : _printfi.c.obj (.text:_pconv_f)
                  00008132    00000054                                   : _ltoa.c.obj (.text:__TI_ltoa)
                  00008186    00000052                                   : _printfi.c.obj (.text:_ecpy)
                  000081d8    0000004c                                   : fflush.c.obj (.text:__TI_doflush)
                  00008224    0000004c                                   : atoi.c.obj (.text:atoi)
                  00008270    00000048                                   : exit.c.obj (.text:exit)
                  000082b8    00000048                                   : fd_toi_t2.asm.obj (.text)
                  00008300    00000044                                   : hostclose.c.obj (.text:HOSTclose)
                  00008344    00000044                                   : hostunlink.c.obj (.text:HOSTunlink)
                  00008388    00000044                                   : autoinit.c.obj (.text:__TI_auto_init_nobinit_nopinit:__TI_auto_init_nobinit_nopinit)
                  000083cc    00000044                                   : getdevice.c.obj (.text:getdevice)
                  00008410    00000044                                   : fd_tou_t2.asm.obj (.text)
                  00008454    00000040                                   : sprintf.c.obj (.text:sprintf)
                  00008494    00000040                                   : vsnprintf.c.obj (.text:vsnprintf)
                  000084d4    0000003e                                   : _printfi.c.obj (.text:_fcpy)
                  00008512    00000002     --HOLE-- [fill = 0]
                  00008514    00000038                                   : trgmsg.c.obj (.text:__TI_writemsg)
                  0000854c    00000038                                   : memory.c.obj (.text:calloc)
                  00008584    00000038                                   : fs_tod_t2.asm.obj (.text)
                  000085bc    00000036                                   : strncpy.c.obj (.text:strncpy)
                  000085f2    00000002     --HOLE-- [fill = 0]
                  000085f4    00000034     driverlib.lib : interrupt.obj (.text:IntRegister)
                  00008628    00000034     rtsv7M4_T_le_v4SPD16_eabi.lib : fopen.c.obj (.text:__TI_cleanup)
                  0000865c    00000034                                   : trgmsg.c.obj (.text:__TI_readmsg)
                  00008690    00000034                                   : boot_cortex_m.c.obj (.text:_c_int00_noargs:_c_int00_noargs)
                  000086c4    00000030                                   : vsnprintf.c.obj (.text:_outs)
                  000086f4    00000030                                   : getdevice.c.obj (.text:finddevice)
                  00008724    0000002e                                   : i_tofd_t2.asm.obj (.text)
                  00008752    00000002     --HOLE-- [fill = 0]
                  00008754    0000002c                                   : unlink.c.obj (.text:unlink)
                  00008780    00000028                                   : memory.c.obj (.text:free_list_insert)
                  000087a8    00000028                                   : lseek.c.obj (.text:lseek)
                  000087d0    00000028                                   : write.c.obj (.text:write)
                  000087f8    00000020                                   : memchr.c.obj (.text:memchr)
                  00008818    00000020                                   : u_tofd_t2.asm.obj (.text)
                  00008838    0000001c                                   : memory.c.obj (.text:free_list_remove)
                  00008854    0000001c                                   : memccpy.c.obj (.text:memccpy)
                  00008870    0000001a                                   : s_copysign.c.obj (.text:copysign)
                  0000888a    00000018                                   : vsnprintf.c.obj (.text:_outc)
                  000088a2    00000018                                   : sprintf.c.obj (.text:_outs)
                  000088ba    00000018     open_interface.obj (.text:oi_parseInt)
                  000088d2    00000018     rtsv7M4_T_le_v4SPD16_eabi.lib : strcmp.c.obj (.text:strcmp)
                  000088ea    00000016                                   : strchr.c.obj (.text:strchr)
                  00008900    00000014                                   : strcpy.c.obj (.text:strcpy)
                  00008914    00000014                                   : strlen.c.obj (.text:strlen)
                  00008928    00000012                                   : wcslen.c.obj (.text:wcslen)
                  0000893a    00000010     driverlib.lib : interrupt.obj (.text:IntMasterEnable)
                  0000894a    00000010     lcd.obj (.text:lcd_clear)
                  0000895a    0000000e     rtsv7M4_T_le_v4SPD16_eabi.lib : copy_decompress_none.c.obj (.text:decompress:none:__TI_decompress_none)
                  00008968    0000000c     driverlib.lib : cpu.obj (.text:CPUcpsie)
                  00008974    0000000c     rtsv7M4_T_le_v4SPD16_eabi.lib : copy_zero_init.c.obj (.text:decompress:ZI:__TI_zero_init)
                  00008980    0000000c     tm4c123gh6pm_startup_ccs.obj (.text)
                  0000898c    0000000a     rtsv7M4_T_le_v4SPD16_eabi.lib : sprintf.c.obj (.text:_outc)
                  00008996    00000002     --HOLE-- [fill = 0]
                  00008998    00000008                                   : errno.c.obj (.text:__aeabi_errno_addr)
                  000089a0    00000008                                   : memory.c.obj (.text:malloc)
                  000089a8    00000004                                   : printf.c.obj (.text:_outc)
                  000089ac    00000004                                   : printf.c.obj (.text:_outs)
                  000089b0    00000004                                   : pre_init.c.obj (.text:_system_pre_init)
                  000089b4    00000004                                   : exit.c.obj (.text:abort:abort)

.const     0    000089b8    000003bb     
                  000089b8    00000158     rtsv7M4_T_le_v4SPD16_eabi.lib : k_rem_pio2.c.obj (.const:$O1$$)
                  00008b10    00000101                                   : ctype.c.obj (.const:.string:_ctypes_)
                  00008c11    00000004     lcd.obj (.const:.string:lineAddress$1)
                  00008c15    00000003     --HOLE-- [fill = 0]
                  00008c18    00000098     rtsv7M4_T_le_v4SPD16_eabi.lib : s_atan.c.obj (.const:$O1$$)
                  00008cb0    00000080                                   : k_tan.c.obj (.const:xxx)
                  00008d30    00000030                                   : e_pow.c.obj (.const:$O1$$)
                  00008d60    0000000f     open_interface.obj (.const:.string:$P$T0$3)
                  00008d6f    00000004     lcd.obj (.const:.string:lineAddresses$2)

.cinit     0    00008d78    000000b0     
                  00008d78    00000078     (.cinit..data.load) [load image, compression = lzss]
                  00008df0    0000000c     (__TI_handler_table)
                  00008dfc    00000004     --HOLE-- [fill = 0]
                  00008e00    00000008     (.cinit..bss.load) [load image, compression = zero_init]
                  00008e08    00000008     (.cinit..vtable.load) [load image, compression = zero_init]
                  00008e10    00000018     (__TI_cinit_table)

.init_array 
*          0    00000000    00000000     UNINITIALIZED

.vtable    0    20000000    0000026c     UNINITIALIZED
                  20000000    0000026c     driverlib.lib : interrupt.obj (.vtable)

.stack     0    20000270    00002710     UNINITIALIZED
                  20000270    00000004     rtsv7M4_T_le_v4SPD16_eabi.lib : boot_cortex_m.c.obj (.stack)
                  20000274    0000270c     --HOLE--

.bss       0    20002980    00000b24     UNINITIALIZED
                  20002980    00000888     main.obj (.bss:scan_array)
                  20003208    00000120     rtsv7M4_T_le_v4SPD16_eabi.lib : trgmsg.c.obj (.bss:_CIOBUF_)
                  20003328    000000a0     (.common:__TI_tmpnams)
                  200033c8    00000064     main.obj (.bss:uart_buffer)
                  2000342c    00000054     lcd.obj (.bss:lastbuffer$3)
                  20003480    00000018     open_interface.obj (.bss:firmware$2)
                  20003498    00000008     (.common:parmbuf)
                  200034a0    00000004     (.common:_timeout_ticks)

.sysmem    0    200034a8    00000400     UNINITIALIZED
                  200034a8    00000010     rtsv7M4_T_le_v4SPD16_eabi.lib : memory.c.obj (.sysmem)
                  200034b8    000003f0     --HOLE--

.data      0    200038a8    0000021f     UNINITIALIZED
                  200038a8    000000f0     rtsv7M4_T_le_v4SPD16_eabi.lib : defs.c.obj (.data:_ftable)
                  20003998    00000078                                   : host_device.c.obj (.data:_device)
                  20003a10    00000050                                   : host_device.c.obj (.data:_stream)
                  20003a60    00000020     open_interface.obj (.data)
                  20003a80    00000010     ping.obj (.data)
                  20003a90    00000010     rtsv7M4_T_le_v4SPD16_eabi.lib : defs.c.obj (.data)
                  20003aa0    0000000c                                   : exit.c.obj (.data:$O1$$)
                  20003aac    00000008                                   : _lock.c.obj (.data:$O1$$)
                  20003ab4    00000008                                   : memory.c.obj (.data:$O1$$)
                  20003abc    00000004     main.obj (.data)
                  20003ac0    00000004     rtsv7M4_T_le_v4SPD16_eabi.lib : errno.c.obj (.data)
                  20003ac4    00000001     Timer.obj (.data)
                  20003ac5    00000001     button.obj (.data)
                  20003ac6    00000001     uart.obj (.data)

__llvm_prf_cnts 
*          0    20000000    00000000     UNINITIALIZED

MODULE SUMMARY

       Module                         code    ro data   rw data
       ------                         ----    -------   -------
    .\
       main.obj                       3824    0         2288   
       open_interface.obj             3128    15        56     
       lcd.obj                        824     8         84     
       ping.obj                       800     0         16     
       servo.obj                      792     0         0      
       uart.obj                       788     0         1      
       tm4c123gh6pm_startup_ccs.obj   12      620       0      
       movement.obj                   624     0         0      
       Timer.obj                      584     0         5      
       adc.obj                        260     0         0      
       button.obj                     116     0         1      
    +--+------------------------------+-------+---------+---------+
       Total:                         11752   643       2451   
                                                               
    C:/ti/TivaWare_C_Series-2.2.0.295/driverlib/ccs/Debug/driverlib.lib
       interrupt.obj                  68      0         620    
       cpu.obj                        12      0         0      
    +--+------------------------------+-------+---------+---------+
       Total:                         80      0         620    
                                                               
    C:\ti\ccs1271\ccs\tools\compiler\ti-cgt-arm_20.2.7.LTS\lib\rtsv7M4_T_le_v4SPD16_eabi.lib
       _printfi.c.obj                 4851    0         0      
       e_pow.c.obj                    2512    48        0      
       k_rem_pio2.c.obj               1848    344       0      
       s_sin.c.obj                    1504    0         0      
       s_cos.c.obj                    1500    0         0      
       s_tan.c.obj                    1288    0         0      
       k_tan.c.obj                    796     128       0      
       s_atan.c.obj                   748     152       0      
       memory.c.obj                   728     0         8      
       fd_add_t2.asm.obj              438     0         0      
       defs.c.obj                     0       0         416    
       trgmsg.c.obj                   108     0         288    
       k_sin.c.obj                    372     0         0      
       k_cos.c.obj                    368     0         0      
       e_sqrt.c.obj                   344     0         0      
       fd_div_t2.asm.obj              310     0         0      
       fputs.c.obj                    276     0         0      
       s_scalbn.c.obj                 272     0         0      
       fd_cmp_t2.asm.obj              268     0         0      
       ctype.c.obj                    0       257       0      
       fd_mul_t2.asm.obj              252     0         0      
       s_floor.c.obj                  248     0         0      
       setvbuf.c.obj                  220     0         0      
       host_device.c.obj              0       0         200    
       memcpy_t2.asm.obj              156     0         0      
       ull_div_t2.asm.obj             150     0         0      
       fputc.c.obj                    140     0         0      
       vsnprintf.c.obj                136     0         0      
       memset_t2.asm.obj              122     0         0      
       fclose.c.obj                   116     0         0      
       getdevice.c.obj                116     0         0      
       printf.c.obj                   112     0         0      
       fd_tos_t2.asm.obj              110     0         0      
       hostrename.c.obj               108     0         0      
       copy_decompress_lzss.c.obj     104     0         0      
       hostlseek.c.obj                104     0         0      
       hostopen.c.obj                 96      0         8      
       fseek.c.obj                    100     0         0      
       s_frexp.c.obj                  100     0         0      
       _io_perm.c.obj                 98      0         0      
       sprintf.c.obj                  98      0         0      
       close.c.obj                    92      0         0      
       exit.c.obj                     76      0         12     
       hostread.c.obj                 88      0         0      
       hostwrite.c.obj                88      0         0      
       _ltoa.c.obj                    84      0         0      
       atoi.c.obj                     76      0         0      
       fflush.c.obj                   76      0         0      
       fd_toi_t2.asm.obj              72      0         0      
       autoinit.c.obj                 68      0         0      
       fd_tou_t2.asm.obj              68      0         0      
       hostclose.c.obj                68      0         0      
       hostunlink.c.obj               68      0         0      
       fs_tod_t2.asm.obj              56      0         0      
       strncpy.c.obj                  54      0         0      
       boot_cortex_m.c.obj            52      0         0      
       fopen.c.obj                    52      0         0      
       i_tofd_t2.asm.obj              46      0         0      
       unlink.c.obj                   44      0         0      
       lseek.c.obj                    40      0         0      
       write.c.obj                    40      0         0      
       memchr.c.obj                   32      0         0      
       u_tofd_t2.asm.obj              32      0         0      
       memccpy.c.obj                  28      0         0      
       s_copysign.c.obj               26      0         0      
       strcmp.c.obj                   24      0         0      
       strchr.c.obj                   22      0         0      
       strcpy.c.obj                   20      0         0      
       strlen.c.obj                   20      0         0      
       wcslen.c.obj                   18      0         0      
       copy_decompress_none.c.obj     14      0         0      
       copy_zero_init.c.obj           12      0         0      
       errno.c.obj                    8       0         4      
       _lock.c.obj                    2       0         8      
       pre_init.c.obj                 4       0         0      
       div0.asm.obj                   2       0         0      
    +--+------------------------------+-------+---------+---------+
       Total:                         22789   929       944    
                                                               
       Heap:                          0       0         1024   
       Stack:                         0       0         10000  
       Linker Generated:              0       172       0      
    +--+------------------------------+-------+---------+---------+
       Grand Total:                   34621   1744      15039  


LINKER GENERATED COPY TABLES

__TI_cinit_table @ 00008e10 records: 3, size/record: 8, table size: 24
	.data: load addr=00008d78, load size=00000078 bytes, run addr=200038a8, run size=0000021f bytes, compression=lzss
	.bss: load addr=00008e00, load size=00000008 bytes, run addr=20002980, run size=00000b24 bytes, compression=zero_init
	.vtable: load addr=00008e08, load size=00000008 bytes, run addr=20000000, run size=0000026c bytes, compression=zero_init


LINKER GENERATED HANDLER TABLE

__TI_handler_table @ 00008df0 records: 3, size/record: 4, table size: 12
	index: 0, handler: __TI_zero_init
	index: 1, handler: __TI_decompress_lzss
	index: 2, handler: __TI_decompress_none


GLOBAL SYMBOLS: SORTED ALPHABETICALLY BY Name 

address   name                             
-------   ----                             
000089b5  C$$EXIT                          
00008543  C$$IO$$                          
00008969  CPUcpsie                         
20003a84  END_TIME                         
00001ab3  GPIOF_Handler                    
00008301  HOSTclose                        
00007d0d  HOSTlseek                        
00007f71  HOSTopen                         
0000802d  HOSTread                         
00007ca1  HOSTrename                       
00008345  HOSTunlink                       
00008085  HOSTwrite                        
0000893b  IntMasterEnable                  
000085f5  IntRegister                      
00008981  ResetISR                         
20003a80  START_TIME                       
20003a88  STATE                            
00004e03  TIMER3B_Handler                  
20003208  __CIOBUF_                        
20002980  __STACK_END                      
00002710  __STACK_SIZE                     
20000470  __STACK_TOP                      
00000400  __SYSMEM_SIZE                    
00008e10  __TI_CINIT_Base                  
00008e28  __TI_CINIT_Limit                 
00008df0  __TI_Handler_Table_Base          
00008dfc  __TI_Handler_Table_Limit         
00008389  __TI_auto_init_nobinit_nopinit   
00008629  __TI_cleanup                     
20003aa0  __TI_cleanup_ptr                 
00007a6d  __TI_closefile                   
00007d75  __TI_decompress_lzss             
0000895b  __TI_decompress_none             
000081d9  __TI_doflush                     
20003aa4  __TI_dtors_ptr                   
20003aa8  __TI_enable_exit_profile_output  
20003a90  __TI_ft_end                      
00008133  __TI_ltoa                        
ffffffff  __TI_pprof_out_hndl              
00001d7d  __TI_printfi                     
ffffffff  __TI_prof_data_size              
ffffffff  __TI_prof_data_start             
0000865d  __TI_readmsg                     
00000000  __TI_static_base__               
20003328  __TI_tmpnams                     
00008515  __TI_writemsg                    
00007f0d  __TI_wrt_ok                      
00008975  __TI_zero_init                   
000078e5  __aeabi_cdcmpeq                  
000078e5  __aeabi_cdcmple                  
0000796b  __aeabi_cdrcmple                 
00007c33  __aeabi_d2f                      
000082b9  __aeabi_d2iz                     
00008411  __aeabi_d2uiz                    
00006517  __aeabi_dadd                     
00006c3d  __aeabi_ddiv                     
000072c1  __aeabi_dmul                     
0000650d  __aeabi_dsub                     
00008999  __aeabi_errno_addr               
00008585  __aeabi_f2d                      
00008725  __aeabi_i2d                      
000066c3  __aeabi_idiv0                    
000066c3  __aeabi_ldiv0                    
000079f1  __aeabi_memclr                   
000079f1  __aeabi_memclr4                  
000079f1  __aeabi_memclr8                  
00007727  __aeabi_memcpy                   
00007727  __aeabi_memcpy4                  
00007727  __aeabi_memcpy8                  
000079f3  __aeabi_memset                   
000079f3  __aeabi_memset4                  
000079f3  __aeabi_memset8                  
20003a9c  __aeabi_stderr                   
20003a94  __aeabi_stdin                    
20003a98  __aeabi_stdout                   
00008819  __aeabi_ui2d                     
000077c3  __aeabi_uldivmod                 
ffffffff  __binit__                        
ffffffff  __c_args__                       
00006839  __kernel_cos                     
0000319d  __kernel_rem_pio2                
000066c5  __kernel_sin                     
00004fe1  __kernel_tan                     
UNDEFED   __mpu_init                       
20000270  __stack                          
20000000  __start___llvm_prf_cnts          
20000000  __stop___llvm_prf_cnts           
00008691  _c_int00_noargs                  
00008b10  _ctypes_                         
20003998  _device                          
200038a8  _ftable                          
20003aac  _lock                            
000027cb  _nop                             
20003ac4  _running                         
20003a10  _stream                          
200034a8  _sys_memory                      
UNDEFED   _system_post_cinit               
000089b1  _system_pre_init                 
200034a0  _timeout_ticks                   
20003ab0  _unlock                          
000089b5  abort                            
000070bd  adc_init_pb4                     
0000711b  adc_read_pb4                     
00007143  adc_to_distance                  
000071c1  aligned_alloc                    
00005929  atan                             
00005929  atanl                            
00008225  atoi                             
00005f97  avoid_obstacle                   
ffffffff  binit                            
00007b0d  button_getButton                 
00007ae1  button_init                      
00000291  calculate_phi                    
0000854d  calloc                           
20003ac6  char_ready                       
00000889  clean_data_array                 
00007fd1  close                            
0000034b  convert_rawIR_to_distance        
00008871  copysign                         
00008871  copysignl                        
00003eb5  cos                              
00003eb5  cosl                             
0000026d  cyBot_getByte_nb                 
000006c9  detect_objects                   
000004dd  drive_to_smallest_object         
20003ac0  errno                            
00008271  exit                             
000086f5  finddevice                       
000073bd  floor                            
000073bd  floorl                           
00007859  fputc                            
00006e99  fputs                            
000074b5  free                             
00007e45  frexp                            
00007e45  frexpl                           
00007ea9  fseek                            
20000000  g_pfnRAMVectors                  
00000000  g_pfnVectors                     
000083cd  getdevice                        
0000186f  go_charge                        
000003c1  incremental_drive                
0000894b  lcd_clear                        
00004b6d  lcd_gotoLine                     
000049d5  lcd_init                         
00004bd3  lcd_printf                       
00004a95  lcd_putc                         
00004acd  lcd_puts                         
00004999  lcd_reverseNibble                
00004aeb  lcd_sendCommand                  
00004b29  lcd_sendNibble                   
00004b95  lcd_setCursorPos                 
00006fad  ldexp                            
00006fad  ldexpl                           
000087a9  lseek                            
000010fb  main                             
000089a1  malloc                           
000071c1  memalign                         
00008855  memccpy                          
000087f9  memchr                           
00007727  memcpy                           
000079f9  memset                           
20003abc  mode                             
20003a60  motor_cal_factor_L               
20003a64  motor_cal_factor_R               
00005f23  move_backward                    
00005e85  move_forward                     
00000c25  navigate_to_smallest_width_object
0000115d  oi_alloc                         
00001999  oi_checkFirmware                 
000011b7  oi_close                         
00001169  oi_free                          
00001cdd  oi_getMotorCalibrationLeft       
00001cf1  oi_getMotorCalibrationRight      
000011a1  oi_init                          
00001179  oi_init_noupdate                 
00001805  oi_loadSong                      
000088bb  oi_parseInt                      
0000121b  oi_parsePacket                   
0000185b  oi_play_song                     
0000173b  oi_setLeds                       
00001ca1  oi_setMotorCalibration           
0000177f  oi_setWheels                     
00001a41  oi_shutoff_init                  
0000187d  oi_uartInit                      
00001921  oi_uartReceive                   
00001967  oi_uartSendBuff                  
00001905  oi_uartSendChar                  
00001949  oi_uartSendStr                   
000011c9  oi_update                        
20003a8c  overflow_count                   
20003498  parmbuf                          
00004ec3  ping_getDistance                 
00004eab  ping_getDistanceCm               
00004e43  ping_getPulseWidth               
00004e8f  ping_getTimeMs                   
00004cc1  ping_init                        
00004d77  ping_trigger                     
000027cd  pow                              
000027cd  powl                             
00007ddd  printf                           
00007859  putc                             
00000d5d  remote_navigate                  
00008755  remove                           
00006fad  scalbn                           
00006fad  scalbnl                          
00000a69  scan_180                         
0000540f  servo_calibrate                  
000052fd  servo_init                       
000053c9  servo_move                       
000053a3  servo_move_ticks                 
00007599  setvbuf                          
000038d5  sin                              
000038d5  sinl                             
00008455  sprintf                          
000069a9  sqrt                             
000069a9  sqrtl                            
000088eb  strchr                           
000088d3  strcmp                           
00008901  strcpy                           
00008915  strlen                           
000085bd  strncpy                          
00004491  tan                              
00004491  tanl                             
00006213  timer_getMicros                  
000061bb  timer_getMillis                  
000060f5  timer_init                       
00006197  timer_pause                      
000061a9  timer_resume                     
0000616d  timer_stop                       
0000626d  timer_waitMicros                 
0000629f  timer_waitMillis                 
00005fed  turn_clockwise                   
00006061  turn_counterclockwise            
00005615  uart_init                        
0000588f  uart_interrupt_handler           
000057ab  uart_interrupt_init              
0000571b  uart_receive                     
00005749  uart_receive_interrupt           
000056f7  uart_sendChar                    
00005785  uart_sendStr                     
00008755  unlink                           
00008495  vsnprintf                        
00008929  wcslen                           
000087d1  write                            


GLOBAL SYMBOLS: SORTED BY Symbol Address 

address   name                             
-------   ----                             
00000000  __TI_static_base__               
00000000  g_pfnVectors                     
0000026d  cyBot_getByte_nb                 
00000291  calculate_phi                    
0000034b  convert_rawIR_to_distance        
000003c1  incremental_drive                
00000400  __SYSMEM_SIZE                    
000004dd  drive_to_smallest_object         
000006c9  detect_objects                   
00000889  clean_data_array                 
00000a69  scan_180                         
00000c25  navigate_to_smallest_width_object
00000d5d  remote_navigate                  
000010fb  main                             
0000115d  oi_alloc                         
00001169  oi_free                          
00001179  oi_init_noupdate                 
000011a1  oi_init                          
000011b7  oi_close                         
000011c9  oi_update                        
0000121b  oi_parsePacket                   
0000173b  oi_setLeds                       
0000177f  oi_setWheels                     
00001805  oi_loadSong                      
0000185b  oi_play_song                     
0000186f  go_charge                        
0000187d  oi_uartInit                      
00001905  oi_uartSendChar                  
00001921  oi_uartReceive                   
00001949  oi_uartSendStr                   
00001967  oi_uartSendBuff                  
00001999  oi_checkFirmware                 
00001a41  oi_shutoff_init                  
00001ab3  GPIOF_Handler                    
00001ca1  oi_setMotorCalibration           
00001cdd  oi_getMotorCalibrationLeft       
00001cf1  oi_getMotorCalibrationRight      
00001d7d  __TI_printfi                     
00002710  __STACK_SIZE                     
000027cb  _nop                             
000027cd  pow                              
000027cd  powl                             
0000319d  __kernel_rem_pio2                
000038d5  sin                              
000038d5  sinl                             
00003eb5  cos                              
00003eb5  cosl                             
00004491  tan                              
00004491  tanl                             
00004999  lcd_reverseNibble                
000049d5  lcd_init                         
00004a95  lcd_putc                         
00004acd  lcd_puts                         
00004aeb  lcd_sendCommand                  
00004b29  lcd_sendNibble                   
00004b6d  lcd_gotoLine                     
00004b95  lcd_setCursorPos                 
00004bd3  lcd_printf                       
00004cc1  ping_init                        
00004d77  ping_trigger                     
00004e03  TIMER3B_Handler                  
00004e43  ping_getPulseWidth               
00004e8f  ping_getTimeMs                   
00004eab  ping_getDistanceCm               
00004ec3  ping_getDistance                 
00004fe1  __kernel_tan                     
000052fd  servo_init                       
000053a3  servo_move_ticks                 
000053c9  servo_move                       
0000540f  servo_calibrate                  
00005615  uart_init                        
000056f7  uart_sendChar                    
0000571b  uart_receive                     
00005749  uart_receive_interrupt           
00005785  uart_sendStr                     
000057ab  uart_interrupt_init              
0000588f  uart_interrupt_handler           
00005929  atan                             
00005929  atanl                            
00005e85  move_forward                     
00005f23  move_backward                    
00005f97  avoid_obstacle                   
00005fed  turn_clockwise                   
00006061  turn_counterclockwise            
000060f5  timer_init                       
0000616d  timer_stop                       
00006197  timer_pause                      
000061a9  timer_resume                     
000061bb  timer_getMillis                  
00006213  timer_getMicros                  
0000626d  timer_waitMicros                 
0000629f  timer_waitMillis                 
0000650d  __aeabi_dsub                     
00006517  __aeabi_dadd                     
000066c3  __aeabi_idiv0                    
000066c3  __aeabi_ldiv0                    
000066c5  __kernel_sin                     
00006839  __kernel_cos                     
000069a9  sqrt                             
000069a9  sqrtl                            
00006c3d  __aeabi_ddiv                     
00006e99  fputs                            
00006fad  ldexp                            
00006fad  ldexpl                           
00006fad  scalbn                           
00006fad  scalbnl                          
000070bd  adc_init_pb4                     
0000711b  adc_read_pb4                     
00007143  adc_to_distance                  
000071c1  aligned_alloc                    
000071c1  memalign                         
000072c1  __aeabi_dmul                     
000073bd  floor                            
000073bd  floorl                           
000074b5  free                             
00007599  setvbuf                          
00007727  __aeabi_memcpy                   
00007727  __aeabi_memcpy4                  
00007727  __aeabi_memcpy8                  
00007727  memcpy                           
000077c3  __aeabi_uldivmod                 
00007859  fputc                            
00007859  putc                             
000078e5  __aeabi_cdcmpeq                  
000078e5  __aeabi_cdcmple                  
0000796b  __aeabi_cdrcmple                 
000079f1  __aeabi_memclr                   
000079f1  __aeabi_memclr4                  
000079f1  __aeabi_memclr8                  
000079f3  __aeabi_memset                   
000079f3  __aeabi_memset4                  
000079f3  __aeabi_memset8                  
000079f9  memset                           
00007a6d  __TI_closefile                   
00007ae1  button_init                      
00007b0d  button_getButton                 
00007c33  __aeabi_d2f                      
00007ca1  HOSTrename                       
00007d0d  HOSTlseek                        
00007d75  __TI_decompress_lzss             
00007ddd  printf                           
00007e45  frexp                            
00007e45  frexpl                           
00007ea9  fseek                            
00007f0d  __TI_wrt_ok                      
00007f71  HOSTopen                         
00007fd1  close                            
0000802d  HOSTread                         
00008085  HOSTwrite                        
00008133  __TI_ltoa                        
000081d9  __TI_doflush                     
00008225  atoi                             
00008271  exit                             
000082b9  __aeabi_d2iz                     
00008301  HOSTclose                        
00008345  HOSTunlink                       
00008389  __TI_auto_init_nobinit_nopinit   
000083cd  getdevice                        
00008411  __aeabi_d2uiz                    
00008455  sprintf                          
00008495  vsnprintf                        
00008515  __TI_writemsg                    
00008543  C$$IO$$                          
0000854d  calloc                           
00008585  __aeabi_f2d                      
000085bd  strncpy                          
000085f5  IntRegister                      
00008629  __TI_cleanup                     
0000865d  __TI_readmsg                     
00008691  _c_int00_noargs                  
000086f5  finddevice                       
00008725  __aeabi_i2d                      
00008755  remove                           
00008755  unlink                           
000087a9  lseek                            
000087d1  write                            
000087f9  memchr                           
00008819  __aeabi_ui2d                     
00008855  memccpy                          
00008871  copysign                         
00008871  copysignl                        
000088bb  oi_parseInt                      
000088d3  strcmp                           
000088eb  strchr                           
00008901  strcpy                           
00008915  strlen                           
00008929  wcslen                           
0000893b  IntMasterEnable                  
0000894b  lcd_clear                        
0000895b  __TI_decompress_none             
00008969  CPUcpsie                         
00008975  __TI_zero_init                   
00008981  ResetISR                         
00008999  __aeabi_errno_addr               
000089a1  malloc                           
000089b1  _system_pre_init                 
000089b5  C$$EXIT                          
000089b5  abort                            
00008b10  _ctypes_                         
00008df0  __TI_Handler_Table_Base          
00008dfc  __TI_Handler_Table_Limit         
00008e10  __TI_CINIT_Base                  
00008e28  __TI_CINIT_Limit                 
20000000  __start___llvm_prf_cnts          
20000000  __stop___llvm_prf_cnts           
20000000  g_pfnRAMVectors                  
20000270  __stack                          
20000470  __STACK_TOP                      
20002980  __STACK_END                      
20003208  __CIOBUF_                        
20003328  __TI_tmpnams                     
20003498  parmbuf                          
200034a0  _timeout_ticks                   
200034a8  _sys_memory                      
200038a8  _ftable                          
20003998  _device                          
20003a10  _stream                          
20003a60  motor_cal_factor_L               
20003a64  motor_cal_factor_R               
20003a80  START_TIME                       
20003a84  END_TIME                         
20003a88  STATE                            
20003a8c  overflow_count                   
20003a90  __TI_ft_end                      
20003a94  __aeabi_stdin                    
20003a98  __aeabi_stdout                   
20003a9c  __aeabi_stderr                   
20003aa0  __TI_cleanup_ptr                 
20003aa4  __TI_dtors_ptr                   
20003aa8  __TI_enable_exit_profile_output  
20003aac  _lock                            
20003ab0  _unlock                          
20003abc  mode                             
20003ac0  errno                            
20003ac4  _running                         
20003ac6  char_ready                       
ffffffff  __TI_pprof_out_hndl              
ffffffff  __TI_prof_data_size              
ffffffff  __TI_prof_data_start             
ffffffff  __binit__                        
ffffffff  __c_args__                       
ffffffff  binit                            
UNDEFED   __mpu_init                       
UNDEFED   _system_post_cinit               

[244 symbols]
